[1] FAIL - ABC News Live Reports | Watch Live News on ABCNL
[2] OK   - ABC News Live Reports | Watch Live News on ABCNL
[3] OK   - ABC News Live Reports | Watch Live News on ABCNL
[4] OK   - ABC News Live Reports | Watch Live News on ABCNL
[5] OK   - ABC News Live Reports | Watch Live News on ABCNL
[6] OK   - ABC News Live Reports | Watch Live News on ABCNL
[7] FAIL - ABC News Live - ABC News
[8] OK   - ABC News Live - ABC News
[9] OK   - ABC News Live - ABC News
[10] OK   - ABC News Live - ABC News
[11] OK   - ABC News Live - ABC News
[12] OK   - ABC News Live - ABC News
[13] OK   - ABC News Live - ABC News
[14] OK   - Video Tracking storms in the Southeast; dangerous heat for millions across the South | Watch Live News on ABCNL
[15] OK   - Video Tracking storms in the Southeast; dangerous heat for millions across the South | Watch Live News on ABCNL
[16] OK   - Video Tracking storms in the Southeast; dangerous heat for millions across the South | Watch Live News on ABCNL
[17] OK   - Video Tracking storms in the Southeast; dangerous heat for millions across the South | Watch Live News on ABCNL
[18] OK   - Video Tracking storms in the Southeast; dangerous heat for millions across the South | Watch Live News on ABCNL
[19] OK   - Watch Fox News Channel Online | Stream Fox News
[20] OK   - Fox Business Go | Fox News Video
[21] OK   -  our free live news stream
[22] OK   -  our free live news stream
[23] OK   -  our free live news stream
[24] OK   -  our free live news stream
[25] OK   -  our free live news stream
[26] OK   -  our free live news stream
[27] OK   -  our free live news stream
[28] OK   -  our free live news stream
[29] OK   -  our free live news stream
[30] OK   -  our free live news stream
[31] OK   -  our free live news stream
[32] OK   -  our free live news stream
[33] OK   -  our free live news stream
[34] OK   -  our free live news stream
[35] OK   -  our free live news stream
[36] OK   -  our free live news stream
[37] OK   -  our free live news stream
