[1] WORKING - ABC News Live Reports | Watch Live News on ABCNL
[2] WORKING - ABC News Live Reports | Watch Live News on ABCNL
[3] WORKING - ABC News Live Reports | Watch Live News on ABCNL
[4] WORKING - ABC News Live Reports | Watch Live News on ABCNL
[5] WORKING - ABC News Live Reports | Watch Live News on ABCNL
[6] WORKING - ABC News Live Reports | Watch Live News on ABCNL
[7] WORKING - ABC News Live - ABC News
[8] WORKING - ABC News Live - ABC News
[9] WORKING - ABC News Live - ABC News
[10] WORKING - ABC News Live - ABC News
[11] WORKING - ABC News Live - ABC News
[12] WORKING - ABC News Live - ABC News
[13] WORKING -  and wildfires; poor air quality and heat in the West | Watch Live News on ABCNL
[14] WORKING -  and wildfires; poor air quality and heat in the West | Watch Live News on ABCNL
[15] WORKING -  and wildfires; poor air quality and heat in the West | Watch Live News on ABCNL
[16] WORKING -  and wildfires; poor air quality and heat in the West | Watch Live News on ABCNL
[17] WORKING -  and wildfires; poor air quality and heat in the West | Watch Live News on ABCNL
[18] WORKING - Watch Fox News Channel Online | Stream Fox News
[19] WORKING - Fox Business Go | Fox News Video
[20] WORKING -  our free live news stream
[21] WORKING -  our free live news stream
[22] WORKING -  our free live news stream
[23] WORKING -  our free live news stream
[24] WORKING -  our free live news stream
[25] WORKING -  our free live news stream
[26] WORKING -  our free live news stream
[27] WORKING -  our free live news stream
[28] WORKING -  our free live news stream
[29] WORKING -  our free live news stream
[30] WORKING -  our free live news stream
[31] WORKING -  our free live news stream
[32] WORKING -  our free live news stream
[33] WORKING -  our free live news stream
[34] WORKING -  our free live news stream
[35] WORKING -  our free live news stream
[36] WORKING -  our free live news stream
