[1] WORKING - ABC News Live - ABC News
[2] WORKING - ABC News Live - ABC News
[3] WORKING - ABC News Live - ABC News
[4] WORKING - ABC News Live - ABC News
[5] WORKING - ABC News Live - ABC News
[6] WORKING - ABC News Live - ABC News
[7] WORKING - ABC News Live - ABC News
[8] WORKING - ABC News Live - ABC News
[9] WORKING - ABC News Live - ABC News
[10] WORKING - ABC News Live - ABC News
[11] WORKING - ABC News Live - ABC News
[12] WORKING - ABC News Live - ABC News
[13] WORKING - ABC News Live - ABC News
[14] WORKING - ABC News Live - ABC News
[15] WORKING - ABC News Live - ABC News
[16] WORKING - ABC News Live - ABC News
[17] WORKING - ABC News Live - ABC News
[18] WORKING - ABC News Live - ABC News
[19] WORKING - ABC News Live - ABC News
[20] WORKING - ABC News Live - ABC News
[21] WORKING - ABC News Live - ABC News
[22] WORKING - ABC News Live - ABC News
[23] WORKING - ABC News Live - ABC News
[24] WORKING - ABC News Live - ABC News
[25] WORKING - ABC News Live - ABC News
[26] WORKING - ABC News Live - ABC News
[27] WORKING -  and heat dangers in the West | Watch Live News on ABCNL
[28] WORKING -  and heat dangers in the West | Watch Live News on ABCNL
[29] WORKING -  and heat dangers in the West | Watch Live News on ABCNL
[30] WORKING -  and heat dangers in the West | Watch Live News on ABCNL
[31] WORKING -  and heat dangers in the West | Watch Live News on ABCNL
[32] FAIL - Watch Fox News Channel Online | Stream Fox News
[33] WORKING - Fox Business Go | Fox News Video
[34] WORKING -  our free live news stream
[35] WORKING -  our free live news stream
[36] WORKING -  our free live news stream
[37] WORKING -  our free live news stream
[38] WORKING -  our free live news stream
[39] WORKING -  our free live news stream
[40] WORKING -  our free live news stream
[41] WORKING -  our free live news stream
[42] WORKING -  our free live news stream
[43] WORKING -  our free live news stream
[44] WORKING -  our free live news stream
[45] WORKING -  our free live news stream
[46] WORKING -  our free live news stream
[47] WORKING -  our free live news stream
[48] WORKING -  our free live news stream
[49] WORKING -  our free live news stream
[50] WORKING -  our free live news stream
[51] WORKING -  our free live news stream
