[1] WORKING - ABC News Live - ABC News
[2] WORKING - ABC News Live - ABC News
[3] WORKING - ABC News Live - ABC News
[4] WORKING - ABC News Live - ABC News
[5] WORKING - ABC News Live - ABC News
[6] WORKING - ABC News Live - ABC News
[7] WORKING - ABC News Live - ABC News
[8] WORKING - ABC News Live - ABC News
[9] WORKING - ABC News Live - ABC News
[10] WORKING - ABC News Live - ABC News
[11] WORKING - ABC News Live - ABC News
[12] WORKING - ABC News Live - ABC News
[13] WORKING - ABC News Live - ABC News
[14] WORKING - ABC News Live - ABC News
[15] WORKING - ABC News Live - ABC News
[16] WORKING -  and heat dangers in the West | Watch Live News on ABCNL
[17] WORKING -  and heat dangers in the West | Watch Live News on ABCNL
[18] WORKING -  and heat dangers in the West | Watch Live News on ABCNL
[19] WORKING -  and heat dangers in the West | Watch Live News on ABCNL
[20] WORKING -  and heat dangers in the West | Watch Live News on ABCNL
[21] FAIL - Watch Fox News Channel Online | Stream Fox News
[22] FAIL - Fox Business Go | Fox News Video
[23] WORKING -  our free live news stream
[24] WORKING -  our free live news stream
[25] WORKING -  our free live news stream
[26] WORKING -  our free live news stream
[27] WORKING -  our free live news stream
[28] WORKING -  our free live news stream
[29] WORKING -  our free live news stream
[30] WORKING -  our free live news stream
[31] WORKING -  our free live news stream
[32] WORKING -  our free live news stream
[33] WORKING -  our free live news stream
[34] WORKING -  our free live news stream
[35] WORKING -  our free live news stream
[36] WORKING -  our free live news stream
[37] WORKING -  our free live news stream
[38] WORKING -  our free live news stream
[39] WORKING -  our free live news stream
[40] WORKING -  our free live news stream
[41] WORKING -  our free live news stream
[42] WORKING -  our free live news stream
[43] WORKING -  our free live news stream
