ffmpeg started on 2026-07-09 at 03:35:32
Report written to "ffmpeg-20260709-033532.log"
Log level: 48
Command line:
ffmpeg -i http://138.121.15.230:9002/RCN/index.m3u8 -t 7 -f null -
ffmpeg version 6.1.1-3ubuntu5 Copyright (c) 2000-2023 the FFmpeg developers
  built with gcc 13 (Ubuntu 13.2.0-23ubuntu3)
  configuration: --prefix=/usr --extra-version=3ubuntu5 --toolchain=hardened --libdir=/usr/lib/x86_64-linux-gnu --incdir=/usr/include/x86_64-linux-gnu --arch=amd64 --enable-gpl --disable-stripping --disable-omx --enable-gnutls --enable-libaom --enable-libass --enable-libbs2b --enable-libcaca --enable-libcdio --enable-libcodec2 --enable-libdav1d --enable-libflite --enable-libfontconfig --enable-libfreetype --enable-libfribidi --enable-libglslang --enable-libgme --enable-libgsm --enable-libharfbuzz --enable-libmp3lame --enable-libmysofa --enable-libopenjpeg --enable-libopenmpt --enable-libopus --enable-librubberband --enable-libshine --enable-libsnappy --enable-libsoxr --enable-libspeex --enable-libtheora --enable-libtwolame --enable-libvidstab --enable-libvorbis --enable-libvpx --enable-libwebp --enable-libx265 --enable-libxml2 --enable-libxvid --enable-libzimg --enable-openal --enable-opencl --enable-opengl --disable-sndio --enable-libvpl --disable-libmfx --enable-libdc1394 --enable-libdrm --enable-libiec618  libavutil      58. 29.100 / 58. 29.100
  libavcodec     60. 31.102 / 60. 31.102
  libavformat    60. 16.100 / 60. 16.100
  libavdevice    60.  3.100 / 60.  3.100
  libavfilter     9. 12.100 /  9. 12.100
  libswscale      7.  5.100 /  7.  5.100
  libswresample   4. 12.100 /  4. 12.100
  libpostproc    57.  3.100 / 57.  3.100
Splitting the commandline.
Reading option '-i' ... matched as output url with argument 'http://138.121.15.230:9002/RCN/index.m3u8'.
Reading option '-t' ... matched as option 't' (record or transcode "duration" seconds of audio/video) with argument '7'.
Reading option '-f' ... matched as option 'f' (force format) with argument 'null'.
Reading option '-' ... matched as output url.
Finished splitting the commandline.
Parsing a group of options: global .
Successfully parsed a group of options.
Parsing a group of options: input url http://138.121.15.230:9002/RCN/index.m3u8.
Successfully parsed a group of options.
Opening an input file: http://138.121.15.230:9002/RCN/index.m3u8.
[AVFormatContext @ 0x55deae064e80] Opening 'http://138.121.15.230:9002/RCN/index.m3u8' for reading
[http @ 0x55deae0654c0] Setting default whitelist 'http,https,tls,rtp,tcp,udp,crypto,httpproxy,data'
[tcp @ 0x55deae025540] Original list of addresses:
[tcp @ 0x55deae025540] Address 138.121.15.230 port 9002
[tcp @ 0x55deae025540] Interleaved list of addresses:
[tcp @ 0x55deae025540] Address 138.121.15.230 port 9002
[tcp @ 0x55deae025540] Starting connection attempt to 138.121.15.230 port 9002
[tcp @ 0x55deae025540] Successfully connected to 138.121.15.230 port 9002
[http @ 0x55deae0654c0] request: GET /RCN/index.m3u8 HTTP/1.1
User-Agent: Lavf/60.16.100
Accept: */*
Range: bytes=0-
Connection: close
Host: 138.121.15.230:9002
Icy-MetaData: 1


[hls @ 0x55deae064e80] Format hls probed with size=2048 and score=100
[hls @ 0x55deae064e80] Opening 'http://138.121.15.230:9002/RCN/tracks-a1/mono.m3u8' for reading
[tcp @ 0x55deae024f40] Original list of addresses:
[tcp @ 0x55deae024f40] Address 138.121.15.230 port 9002
[tcp @ 0x55deae024f40] Interleaved list of addresses:
[tcp @ 0x55deae024f40] Address 138.121.15.230 port 9002
[tcp @ 0x55deae024f40] Starting connection attempt to 138.121.15.230 port 9002
[tcp @ 0x55deae024f40] Successfully connected to 138.121.15.230 port 9002
[http @ 0x55deae06f0c0] request: GET /RCN/tracks-a1/mono.m3u8 HTTP/1.1
User-Agent: Lavf/60.16.100
Accept: */*
Range: bytes=0-
Connection: keep-alive
Host: 138.121.15.230:9002
Icy-MetaData: 1


[hls @ 0x55deae064e80] Skip ('#EXT-X-VERSION:3')
[hls @ 0x55deae064e80] Skip ('#EXT-X-PROGRAM-DATE-TIME:2026-07-09T03:35:00.648Z')
[hls @ 0x55deae064e80] Skip ('#EXT-X-DISCONTINUITY')
[http @ 0x55deae078280] Opening 'http://138.121.15.230:9002/RCN/tracks-a2/mono.m3u8' for reading
[http @ 0x55deae06f0c0] request: GET /RCN/tracks-a2/mono.m3u8 HTTP/1.1
User-Agent: Lavf/60.16.100
Accept: */*
Range: bytes=0-
Connection: keep-alive
Host: 138.121.15.230:9002
Icy-MetaData: 1


[hls @ 0x55deae064e80] Skip ('#EXT-X-VERSION:3')
[hls @ 0x55deae064e80] Skip ('#EXT-X-PROGRAM-DATE-TIME:2026-07-09T03:35:00.648Z')
[hls @ 0x55deae064e80] Skip ('#EXT-X-DISCONTINUITY')
[http @ 0x55deae078280] Opening 'http://138.121.15.230:9002/RCN/tracks-v1a1/mono.m3u8' for reading
[http @ 0x55deae06f0c0] request: GET /RCN/tracks-v1a1/mono.m3u8 HTTP/1.1
User-Agent: Lavf/60.16.100
Accept: */*
Range: bytes=0-
Connection: keep-alive
Host: 138.121.15.230:9002
Icy-MetaData: 1


[hls @ 0x55deae064e80] Skip ('#EXT-X-VERSION:3')
[hls @ 0x55deae064e80] Skip ('#EXT-X-PROGRAM-DATE-TIME:2026-07-09T03:35:00.648Z')
[hls @ 0x55deae064e80] Skip ('#EXT-X-DISCONTINUITY')
[hls @ 0x55deae064e80] HLS request for url 'http://138.121.15.230:9002/RCN/tracks-a1/2026/07/09/03/35/06-01618.ts', offset 0, playlist 0
[hls @ 0x55deae064e80] Opening 'http://138.121.15.230:9002/RCN/tracks-a1/2026/07/09/03/35/06-01618.ts' for reading
[tcp @ 0x55deae08e1c0] Original list of addresses:
[tcp @ 0x55deae08e1c0] Address 138.121.15.230 port 9002
[tcp @ 0x55deae08e1c0] Interleaved list of addresses:
[tcp @ 0x55deae08e1c0] Address 138.121.15.230 port 9002
[tcp @ 0x55deae08e1c0] Starting connection attempt to 138.121.15.230 port 9002
[tcp @ 0x55deae08e1c0] Successfully connected to 138.121.15.230 port 9002
[http @ 0x55deae08b580] request: GET /RCN/tracks-a1/2026/07/09/03/35/06-01618.ts HTTP/1.1
User-Agent: Lavf/60.16.100
Accept: */*
Range: bytes=0-
Connection: keep-alive
Host: 138.121.15.230:9002
Icy-MetaData: 1


[hls @ 0x55deae064e80] HLS request for url 'http://138.121.15.230:9002/RCN/tracks-a1/2026/07/09/03/35/15-05472.ts', offset 0, playlist 0
[hls @ 0x55deae064e80] Opening 'http://138.121.15.230:9002/RCN/tracks-a1/2026/07/09/03/35/15-05472.ts' for reading
[tcp @ 0x55deae099180] Original list of addresses:
[tcp @ 0x55deae099180] Address 138.121.15.230 port 9002
[tcp @ 0x55deae099180] Interleaved list of addresses:
[tcp @ 0x55deae099180] Address 138.121.15.230 port 9002
[tcp @ 0x55deae099180] Starting connection attempt to 138.121.15.230 port 9002
[tcp @ 0x55deae099180] Successfully connected to 138.121.15.230 port 9002
[http @ 0x55deae096540] request: GET /RCN/tracks-a1/2026/07/09/03/35/15-05472.ts HTTP/1.1
User-Agent: Lavf/60.16.100
Accept: */*
Range: bytes=0-
Connection: keep-alive
Host: 138.121.15.230:9002
Icy-MetaData: 1


Format mpegts probed with size=2048 and score=50
[mpegts @ 0x55deae06fdc0] stream=0 stream_type=4 pid=dd prog_reg_desc=
[mpegts @ 0x55deae06fdc0] Before avformat_find_stream_info() pos: 0 bytes read:32768 seeks:0 nb_streams:1
[mpegts @ 0x55deae06fdc0] All programs have pmt, headers found
[mpegts @ 0x55deae06fdc0] probing stream 0 pp:2500
[mpegts @ 0x55deae06fdc0] Probe with size=768, packets=1 detected mp3 with score=1
[mpegts @ 0x55deae06fdc0] probing stream 0 pp:2499
[mpegts @ 0x55deae06fdc0] Probe with size=1536, packets=2 detected mp3 with score=1
[mpegts @ 0x55deae06fdc0] probing stream 0 pp:2498
[mpegts @ 0x55deae06fdc0] Probe with size=2304, packets=3 detected mp3 with score=1
[mpegts @ 0x55deae06fdc0] probing stream 0 pp:2497
[mpegts @ 0x55deae06fdc0] probing stream 0 pp:2496
[mpegts @ 0x55deae06fdc0] probing stream 0 pp:2495
[mpegts @ 0x55deae06fdc0] Probe with size=4608, packets=6 detected mp3 with score=25
[mpegts @ 0x55deae06fdc0] probed stream 0
[mpegts @ 0x55deae06fdc0] All info found
[mpegts @ 0x55deae06fdc0] After avformat_find_stream_info() pos: 6204 bytes read:32768 seeks:0 frames:1
[hls @ 0x55deae064e80] HLS request for url 'http://138.121.15.230:9002/RCN/tracks-a2/2026/07/09/03/35/06-01618.ts', offset 0, playlist 1
[hls @ 0x55deae064e80] Opening 'http://138.121.15.230:9002/RCN/tracks-a2/2026/07/09/03/35/06-01618.ts' for reading
[tcp @ 0x55deae084800] Original list of addresses:
[tcp @ 0x55deae084800] Address 138.121.15.230 port 9002
[tcp @ 0x55deae084800] Interleaved list of addresses:
[tcp @ 0x55deae084800] Address 138.121.15.230 port 9002
[tcp @ 0x55deae084800] Starting connection attempt to 138.121.15.230 port 9002
[tcp @ 0x55deae084800] Successfully connected to 138.121.15.230 port 9002
[http @ 0x55deae0844c0] request: GET /RCN/tracks-a2/2026/07/09/03/35/06-01618.ts HTTP/1.1
User-Agent: Lavf/60.16.100
Accept: */*
Range: bytes=0-
Connection: keep-alive
Host: 138.121.15.230:9002
Icy-MetaData: 1


[hls @ 0x55deae064e80] HLS request for url 'http://138.121.15.230:9002/RCN/tracks-a2/2026/07/09/03/35/15-05472.ts', offset 0, playlist 1
[hls @ 0x55deae064e80] Opening 'http://138.121.15.230:9002/RCN/tracks-a2/2026/07/09/03/35/15-05472.ts' for reading
[tcp @ 0x55deae084d00] Original list of addresses:
[tcp @ 0x55deae084d00] Address 138.121.15.230 port 9002
[tcp @ 0x55deae084d00] Interleaved list of addresses:
[tcp @ 0x55deae084d00] Address 138.121.15.230 port 9002
[tcp @ 0x55deae084d00] Starting connection attempt to 138.121.15.230 port 9002
[tcp @ 0x55deae084d00] Successfully connected to 138.121.15.230 port 9002
[http @ 0x55deae084a80] request: GET /RCN/tracks-a2/2026/07/09/03/35/15-05472.ts HTTP/1.1
User-Agent: Lavf/60.16.100
Accept: */*
Range: bytes=0-
Connection: keep-alive
Host: 138.121.15.230:9002
Icy-MetaData: 1


Format mpegts probed with size=2048 and score=50
[mpegts @ 0x55deae086040] stream=0 stream_type=4 pid=dd prog_reg_desc=
[mpegts @ 0x55deae086040] Before avformat_find_stream_info() pos: 0 bytes read:32768 seeks:0 nb_streams:1
[mpegts @ 0x55deae086040] All programs have pmt, headers found
[mpegts @ 0x55deae086040] probing stream 0 pp:2500
[mpegts @ 0x55deae086040] Probe with size=384, packets=1 detected mpegts with score=2
[mpegts @ 0x55deae086040] probing stream 0 pp:2499
[mpegts @ 0x55deae086040] Probe with size=768, packets=2 detected mp3 with score=1
[mpegts @ 0x55deae086040] probing stream 0 pp:2498
[mpegts @ 0x55deae086040] Probe with size=1152, packets=3 detected mp3 with score=1
[mpegts @ 0x55deae086040] probing stream 0 pp:2497
[mpegts @ 0x55deae086040] probing stream 0 pp:2496
[mpegts @ 0x55deae086040] probing stream 0 pp:2495
[mpegts @ 0x55deae086040] Probe with size=2304, packets=6 detected mp3 with score=25
[mpegts @ 0x55deae086040] probed stream 0
[mpegts @ 0x55deae086040] All info found
[mpegts @ 0x55deae086040] After avformat_find_stream_info() pos: 3948 bytes read:32768 seeks:0 frames:1
[hls @ 0x55deae064e80] HLS request for url 'http://138.121.15.230:9002/RCN/tracks-v1a1/2026/07/09/03/35/06-01618.ts', offset 0, playlist 2
[hls @ 0x55deae064e80] Opening 'http://138.121.15.230:9002/RCN/tracks-v1a1/2026/07/09/03/35/06-01618.ts' for reading
[tcp @ 0x55deae0dd480] Original list of addresses:
[tcp @ 0x55deae0dd480] Address 138.121.15.230 port 9002
[tcp @ 0x55deae0dd480] Interleaved list of addresses:
[tcp @ 0x55deae0dd480] Address 138.121.15.230 port 9002
[tcp @ 0x55deae0dd480] Starting connection attempt to 138.121.15.230 port 9002
[tcp @ 0x55deae0dd480] Successfully connected to 138.121.15.230 port 9002
[http @ 0x55deae0db1c0] request: GET /RCN/tracks-v1a1/2026/07/09/03/35/06-01618.ts HTTP/1.1
User-Agent: Lavf/60.16.100
Accept: */*
Range: bytes=0-
Connection: keep-alive
Host: 138.121.15.230:9002
Icy-MetaData: 1


[hls @ 0x55deae064e80] HLS request for url 'http://138.121.15.230:9002/RCN/tracks-v1a1/2026/07/09/03/35/15-05472.ts', offset 0, playlist 2
[hls @ 0x55deae064e80] Opening 'http://138.121.15.230:9002/RCN/tracks-v1a1/2026/07/09/03/35/15-05472.ts' for reading
[tcp @ 0x55deae0db400] Original list of addresses:
[tcp @ 0x55deae0db400] Address 138.121.15.230 port 9002
[tcp @ 0x55deae0db400] Interleaved list of addresses:
[tcp @ 0x55deae0db400] Address 138.121.15.230 port 9002
[tcp @ 0x55deae0db400] Starting connection attempt to 138.121.15.230 port 9002
[tcp @ 0x55deae0db400] Successfully connected to 138.121.15.230 port 9002
[http @ 0x55deae0dde00] request: GET /RCN/tracks-v1a1/2026/07/09/03/35/15-05472.ts HTTP/1.1
User-Agent: Lavf/60.16.100
Accept: */*
Range: bytes=0-
Connection: keep-alive
Host: 138.121.15.230:9002
Icy-MetaData: 1


Format mpegts probed with size=2048 and score=50
[mpegts @ 0x55deae0dc9c0] stream=0 stream_type=1b pid=d3 prog_reg_desc=
[mpegts @ 0x55deae0dc9c0] stream=1 stream_type=4 pid=dd prog_reg_desc=
[hls @ 0x55deae064e80] Before avformat_find_stream_info() pos: 379 bytes read:379 seeks:0 nb_streams:4
[mpegts @ 0x55deae0dc9c0] All programs have pmt, headers found
[mpegts @ 0x55deae0dc9c0] probing stream 1 pp:2500
[mpegts @ 0x55deae0dc9c0] Probe with size=768, packets=1 detected mp3 with score=1
[mpegts @ 0x55deae0dc9c0] probing stream 1 pp:2499
[mpegts @ 0x55deae0dc9c0] Probe with size=1536, packets=2 detected mp3 with score=1
[mpegts @ 0x55deae0dc9c0] probing stream 1 pp:2498
[mpegts @ 0x55deae0dc9c0] Probe with size=2304, packets=3 detected mp3 with score=1
[mpegts @ 0x55deae0dc9c0] probing stream 1 pp:2497
[mpegts @ 0x55deae0dc9c0] probing stream 1 pp:2496
[mpegts @ 0x55deae0dc9c0] probing stream 1 pp:2495
[mpegts @ 0x55deae0dc9c0] Probe with size=4608, packets=6 detected mp3 with score=25
[mpegts @ 0x55deae0dc9c0] probed stream 1
[NULL @ 0x55deae0c2ec0] Decoding VUI
[NULL @ 0x55deae0c2ec0] ct_type:0 pic_struct:1
[extract_extradata @ 0x55deae162980] nal_unit_type: 9(AUD), nal_ref_idc: 0
[extract_extradata @ 0x55deae162980] nal_unit_type: 7(SPS), nal_ref_idc: 3
[extract_extradata @ 0x55deae162980] nal_unit_type: 8(PPS), nal_ref_idc: 3
[extract_extradata @ 0x55deae162980] nal_unit_type: 8(PPS), nal_ref_idc: 3
[extract_extradata @ 0x55deae162980] nal_unit_type: 6(SEI), nal_ref_idc: 0
[extract_extradata @ 0x55deae162980] nal_unit_type: 1(Coded slice of a non-IDR picture), nal_ref_idc: 3
[h264 @ 0x55deae10a340] nal_unit_type: 9(AUD), nal_ref_idc: 0
[h264 @ 0x55deae10a340] nal_unit_type: 7(SPS), nal_ref_idc: 3
[h264 @ 0x55deae10a340] nal_unit_type: 8(PPS), nal_ref_idc: 3
[h264 @ 0x55deae10a340] nal_unit_type: 8(PPS), nal_ref_idc: 3
[h264 @ 0x55deae10a340] nal_unit_type: 6(SEI), nal_ref_idc: 0
[h264 @ 0x55deae10a340] nal_unit_type: 1(Coded slice of a non-IDR picture), nal_ref_idc: 3
[h264 @ 0x55deae10a340] Decoding VUI
[h264 @ 0x55deae10a340] Format yuv420p chosen by get_format().
[h264 @ 0x55deae10a340] Reinit context to 1920x1088, pix_fmt: yuv420p
[h264 @ 0x55deae10a340] Frame num gap 240 235
[h264 @ 0x55deae10a340] Frame num gap 240 236
[h264 @ 0x55deae10a340] Frame num gap 240 237
[h264 @ 0x55deae10a340] Frame num gap 240 238
[NULL @ 0x55deae0c2ec0] ct_type:0 pic_struct:2
[h264 @ 0x55deae10a340] nal_unit_type: 9(AUD), nal_ref_idc: 0
[h264 @ 0x55deae10a340] nal_unit_type: 6(SEI), nal_ref_idc: 0
[h264 @ 0x55deae10a340] nal_unit_type: 1(Coded slice of a non-IDR picture), nal_ref_idc: 3
[h264 @ 0x55deae10a340] ct_type:0 pic_struct:2
[hls @ 0x55deae064e80] Demuxer context update while decoder is open, closing and trying to re-open
[hls @ 0x55deae064e80] Demuxer context update while decoder is open, closing and trying to re-open
[hls @ 0x55deae064e80] Demuxer context update while decoder is open, closing and trying to re-open
[NULL @ 0x55deae0c2ec0] ct_type:0 pic_struct:1
[h264 @ 0x55deae10a340] nal_unit_type: 9(AUD), nal_ref_idc: 0
[h264 @ 0x55deae10a340] nal_unit_type: 6(SEI), nal_ref_idc: 0
[h264 @ 0x55deae10a340] nal_unit_type: 1(Coded slice of a non-IDR picture), nal_ref_idc: 3
[NULL @ 0x55deae0c2ec0] ct_type:0 pic_struct:2
[h264 @ 0x55deae10a340] nal_unit_type: 9(AUD), nal_ref_idc: 0
[h264 @ 0x55deae10a340] nal_unit_type: 6(SEI), nal_ref_idc: 0
[h264 @ 0x55deae10a340] nal_unit_type: 1(Coded slice of a non-IDR picture), nal_ref_idc: 3
[h264 @ 0x55deae10a340] ct_type:0 pic_struct:2
[h264 @ 0x55deae10a340] Increasing reorder buffer to 1
[h264 @ 0x55deae10a340] no picture ooo
[NULL @ 0x55deae0c2ec0] ct_type:0 pic_struct:1
[h264 @ 0x55deae10a340] nal_unit_type: 9(AUD), nal_ref_idc: 0
[h264 @ 0x55deae10a340] nal_unit_type: 6(SEI), nal_ref_idc: 0
[h264 @ 0x55deae10a340] nal_unit_type: 1(Coded slice of a non-IDR picture), nal_ref_idc: 0
[NULL @ 0x55deae0c2ec0] ct_type:0 pic_struct:2
[h264 @ 0x55deae10a340] nal_unit_type: 9(AUD), nal_ref_idc: 0
[h264 @ 0x55deae10a340] nal_unit_type: 6(SEI), nal_ref_idc: 0
[h264 @ 0x55deae10a340] nal_unit_type: 1(Coded slice of a non-IDR picture), nal_ref_idc: 0
[h264 @ 0x55deae10a340] ct_type:0 pic_struct:2
[h264 @ 0x55deae10a340] Increasing reorder buffer to 2
[h264 @ 0x55deae10a340] no picture ooo
[NULL @ 0x55deae0c2ec0] ct_type:0 pic_struct:1
[h264 @ 0x55deae10a340] nal_unit_type: 9(AUD), nal_ref_idc: 0
[h264 @ 0x55deae10a340] nal_unit_type: 6(SEI), nal_ref_idc: 0
[h264 @ 0x55deae10a340] nal_unit_type: 1(Coded slice of a non-IDR picture), nal_ref_idc: 0
[NULL @ 0x55deae0c2ec0] ct_type:0 pic_struct:2
[h264 @ 0x55deae10a340] nal_unit_type: 9(AUD), nal_ref_idc: 0
[h264 @ 0x55deae10a340] nal_unit_type: 6(SEI), nal_ref_idc: 0
[h264 @ 0x55deae10a340] nal_unit_type: 1(Coded slice of a non-IDR picture), nal_ref_idc: 0
[h264 @ 0x55deae10a340] ct_type:0 pic_struct:2
[h264 @ 0x55deae10a340] no picture ooo
[NULL @ 0x55deae0c2ec0] ct_type:0 pic_struct:1
[h264 @ 0x55deae10a340] nal_unit_type: 9(AUD), nal_ref_idc: 0
[h264 @ 0x55deae10a340] nal_unit_type: 6(SEI), nal_ref_idc: 0
[h264 @ 0x55deae10a340] nal_unit_type: 1(Coded slice of a non-IDR picture), nal_ref_idc: 3
[NULL @ 0x55deae0c2ec0] ct_type:0 pic_struct:2
[h264 @ 0x55deae10a340] nal_unit_type: 9(AUD), nal_ref_idc: 0
[h264 @ 0x55deae10a340] nal_unit_type: 6(SEI), nal_ref_idc: 0
[h264 @ 0x55deae10a340] nal_unit_type: 1(Coded slice of a non-IDR picture), nal_ref_idc: 3
[h264 @ 0x55deae10a340] ct_type:0 pic_struct:2
[h264 @ 0x55deae10a340] no picture 
[NULL @ 0x55deae0c2ec0] ct_type:0 pic_struct:1
[h264 @ 0x55deae10a340] nal_unit_type: 9(AUD), nal_ref_idc: 0
[h264 @ 0x55deae10a340] nal_unit_type: 6(SEI), nal_ref_idc: 0
[h264 @ 0x55deae10a340] nal_unit_type: 1(Coded slice of a non-IDR picture), nal_ref_idc: 3
[NULL @ 0x55deae0c2ec0] ct_type:0 pic_struct:2
[h264 @ 0x55deae10a340] nal_unit_type: 9(AUD), nal_ref_idc: 0
[h264 @ 0x55deae10a340] nal_unit_type: 6(SEI), nal_ref_idc: 0
[h264 @ 0x55deae10a340] nal_unit_type: 1(Coded slice of a non-IDR picture), nal_ref_idc: 3
[h264 @ 0x55deae10a340] ct_type:0 pic_struct:2
[h264 @ 0x55deae10a340] no picture 
[NULL @ 0x55deae0c2ec0] ct_type:0 pic_struct:1
[h264 @ 0x55deae10a340] nal_unit_type: 9(AUD), nal_ref_idc: 0
[h264 @ 0x55deae10a340] nal_unit_type: 6(SEI), nal_ref_idc: 0
[h264 @ 0x55deae10a340] nal_unit_type: 1(Coded slice of a non-IDR picture), nal_ref_idc: 0
[NULL @ 0x55deae0c2ec0] ct_type:0 pic_struct:2
[h264 @ 0x55deae10a340] nal_unit_type: 9(AUD), nal_ref_idc: 0
[h264 @ 0x55deae10a340] nal_unit_type: 6(SEI), nal_ref_idc: 0
[h264 @ 0x55deae10a340] nal_unit_type: 1(Coded slice of a non-IDR picture), nal_ref_idc: 0
[h264 @ 0x55deae10a340] ct_type:0 pic_struct:2
[NULL @ 0x55deae0c2ec0] ct_type:0 pic_struct:1
[h264 @ 0x55deae10a340] nal_unit_type: 9(AUD), nal_ref_idc: 0
[h264 @ 0x55deae10a340] nal_unit_type: 6(SEI), nal_ref_idc: 0
[h264 @ 0x55deae10a340] nal_unit_type: 1(Coded slice of a non-IDR picture), nal_ref_idc: 0
[NULL @ 0x55deae0c2ec0] ct_type:0 pic_struct:2
[h264 @ 0x55deae10a340] nal_unit_type: 9(AUD), nal_ref_idc: 0
[h264 @ 0x55deae10a340] nal_unit_type: 6(SEI), nal_ref_idc: 0
[h264 @ 0x55deae10a340] nal_unit_type: 1(Coded slice of a non-IDR picture), nal_ref_idc: 0
[h264 @ 0x55deae10a340] ct_type:0 pic_struct:2
[NULL @ 0x55deae0c2ec0] ct_type:0 pic_struct:1
[h264 @ 0x55deae10a340] nal_unit_type: 9(AUD), nal_ref_idc: 0
[h264 @ 0x55deae10a340] nal_unit_type: 6(SEI), nal_ref_idc: 0
[h264 @ 0x55deae10a340] nal_unit_type: 1(Coded slice of a non-IDR picture), nal_ref_idc: 3
[NULL @ 0x55deae0c2ec0] ct_type:0 pic_struct:2
[h264 @ 0x55deae10a340] nal_unit_type: 9(AUD), nal_ref_idc: 0
[h264 @ 0x55deae10a340] nal_unit_type: 6(SEI), nal_ref_idc: 0
[h264 @ 0x55deae10a340] nal_unit_type: 1(Coded slice of a non-IDR picture), nal_ref_idc: 3
[h264 @ 0x55deae10a340] ct_type:0 pic_struct:2
[NULL @ 0x55deae0c2ec0] ct_type:0 pic_struct:1
[h264 @ 0x55deae10a340] nal_unit_type: 9(AUD), nal_ref_idc: 0
[h264 @ 0x55deae10a340] nal_unit_type: 6(SEI), nal_ref_idc: 0
[h264 @ 0x55deae10a340] nal_unit_type: 1(Coded slice of a non-IDR picture), nal_ref_idc: 3
[NULL @ 0x55deae0c2ec0] ct_type:0 pic_struct:2
[h264 @ 0x55deae10a340] nal_unit_type: 9(AUD), nal_ref_idc: 0
[h264 @ 0x55deae10a340] nal_unit_type: 6(SEI), nal_ref_idc: 0
[h264 @ 0x55deae10a340] nal_unit_type: 1(Coded slice of a non-IDR picture), nal_ref_idc: 3
[h264 @ 0x55deae10a340] ct_type:0 pic_struct:2
[NULL @ 0x55deae0c2ec0] ct_type:0 pic_struct:1
[h264 @ 0x55deae10a340] nal_unit_type: 9(AUD), nal_ref_idc: 0
[h264 @ 0x55deae10a340] nal_unit_type: 6(SEI), nal_ref_idc: 0
[h264 @ 0x55deae10a340] nal_unit_type: 1(Coded slice of a non-IDR picture), nal_ref_idc: 0
[hls @ 0x55deae064e80] All info found
[hls @ 0x55deae064e80] rfps: 59.000000 0.008176
[hls @ 0x55deae064e80] rfps: 60.000000 0.000033
[hls @ 0x55deae064e80] rfps: 60.000000 0.000033
[hls @ 0x55deae064e80] rfps: 120.000000 0.000134
[hls @ 0x55deae064e80] rfps: 120.000000 0.000134
[hls @ 0x55deae064e80] rfps: 240.000000 0.000535
[hls @ 0x55deae064e80] rfps: 240.000000 0.000535
[hls @ 0x55deae064e80] rfps: 59.940060 0.000000
[hls @ 0x55deae064e80] rfps: 59.940060 0.000000
[hls @ 0x55deae064e80] After avformat_find_stream_info() pos: 379 bytes read:379 seeks:0 frames:66
Input #0, hls, from 'http://138.121.15.230:9002/RCN/index.m3u8':
  Duration: N/A, start: 11354.479078, bitrate: N/A
  Program 0 
    Metadata:
      variant_bitrate : 11970000
  Stream #0:0, 15, 1/90000: Audio: mp2 ([4][0][0][0] / 0x0004), 48000 Hz, stereo, s16p, 256 kb/s
    Metadata:
      variant_bitrate : 11970000
      comment         : undefined a1
  Stream #0:1, 15, 1/90000: Audio: mp2 ([4][0][0][0] / 0x0004), 48000 Hz, stereo, s16p, 128 kb/s
    Metadata:
      variant_bitrate : 11970000
      comment         : undefined a2
  Stream #0:2, 21, 1/90000: Video: h264 (High) ([27][0][0][0] / 0x001B), yuv420p(tv, bt709), 1920x1080 [SAR 1:1 DAR 16:9], Closed Captions, 59.94 fps, 59.94 tbr, 90k tbn
    Metadata:
      variant_bitrate : 11970000
  Stream #0:3, 15, 1/90000: Audio: mp2 ([4][0][0][0] / 0x0004), 48000 Hz, stereo, s16p, 256 kb/s
    Metadata:
      variant_bitrate : 11970000
Successfully opened the file.
Parsing a group of options: output url -.
Applying option t (record or transcode "duration" seconds of audio/video) with argument 7.
Applying option f (force format) with argument null.
Successfully parsed a group of options.
Opening an output file: -.
[out#0/null @ 0x55deae160000] No explicit maps, mapping streams automatically...
[vost#0:0/wrapped_avframe @ 0x55deae3ebd40] Created video stream from input stream 0:2
detected 4 logical cores
[h264 @ 0x55deae209080] nal_unit_type: 7(SPS), nal_ref_idc: 3
[h264 @ 0x55deae209080] nal_unit_type: 8(PPS), nal_ref_idc: 3
[h264 @ 0x55deae209080] nal_unit_type: 8(PPS), nal_ref_idc: 3
[h264 @ 0x55deae209080] Decoding VUI
[aost#0:1/pcm_s16le @ 0x55deae2e8880] Created audio stream from input stream 0:0
Successfully opened the file.
Stream mapping:
  Stream #0:2 -> #0:0 (h264 (native) -> wrapped_avframe (native))
  Stream #0:0 -> #0:1 (mp2 (native) -> pcm_s16le (native))
Press [q] to stop, [?] for help
[graph_1_in_0_0 @ 0x55deae1602c0] Setting 'time_base' to value '1/48000'
[graph_1_in_0_0 @ 0x55deae1602c0] Setting 'sample_rate' to value '48000'
[graph_1_in_0_0 @ 0x55deae1602c0] Setting 'sample_fmt' to value 's16p'
[graph_1_in_0_0 @ 0x55deae1602c0] Setting 'channel_layout' to value 'stereo'
[graph_1_in_0_0 @ 0x55deae1602c0] tb:1/48000 samplefmt:s16p samplerate:48000 chlayout:stereo
[format_out_0_1 @ 0x55deae2ec200] Setting 'sample_fmts' to value 's16'
[format_out_0_1 @ 0x55deae2ec200] auto-inserting filter 'auto_aresample_0' between the filter 'Parsed_anull_0' and the filter 'format_out_0_1'
[AVFilterGraph @ 0x55deae34aa00] query_formats: 5 queried, 6 merged, 7 already done, 0 delayed
[auto_aresample_0 @ 0x55deae2ed400] [SWR @ 0x55deae3b4940] Using s16p internally between filters
[auto_aresample_0 @ 0x55deae2ed400] ch:2 chl:stereo fmt:s16p r:48000Hz -> ch:2 chl:stereo fmt:s16 r:48000Hz
[h264 @ 0x55deae209080] nal_unit_type: 9(AUD), nal_ref_idc: 0
[h264 @ 0x55deae209080] nal_unit_type: 7(SPS), nal_ref_idc: 3
[h264 @ 0x55deae209080] nal_unit_type: 8(PPS), nal_ref_idc: 3
[h264 @ 0x55deae209080] nal_unit_type: 8(PPS), nal_ref_idc: 3
[h264 @ 0x55deae209080] nal_unit_type: 6(SEI), nal_ref_idc: 0
[h264 @ 0x55deae209080] nal_unit_type: 1(Coded slice of a non-IDR picture), nal_ref_idc: 3
[h264 @ 0x55deae209080] Decoding VUI
[h264 @ 0x55deae209080] Format yuv420p chosen by get_format().
[h264 @ 0x55deae209080] Reinit context to 1920x1088, pix_fmt: yuv420p
[h264 @ 0x55deae209080] Frame num gap 240 235
[h264 @ 0x55deae209080] Frame num gap 240 236
[h264 @ 0x55deae209080] Frame num gap 240 237
[h264 @ 0x55deae209080] Frame num gap 240 238
[h264 @ 0x55deae160680] nal_unit_type: 9(AUD), nal_ref_idc: 0
[h264 @ 0x55deae160680] nal_unit_type: 6(SEI), nal_ref_idc: 0
[h264 @ 0x55deae160680] nal_unit_type: 1(Coded slice of a non-IDR picture), nal_ref_idc: 3
[h264 @ 0x55deae160680] ct_type:0 pic_struct:2
[h264 @ 0x55deae160680] no picture 
[h264 @ 0x55deae0f2440] nal_unit_type: 9(AUD), nal_ref_idc: 0
[h264 @ 0x55deae0f2440] nal_unit_type: 6(SEI), nal_ref_idc: 0
[h264 @ 0x55deae0f2440] nal_unit_type: 1(Coded slice of a non-IDR picture), nal_ref_idc: 3
[h264 @ 0x55deae2fd700] nal_unit_type: 9(AUD), nal_ref_idc: 0
[h264 @ 0x55deae2fd700] nal_unit_type: 6(SEI), nal_ref_idc: 0
[h264 @ 0x55deae2fd700] nal_unit_type: 1(Coded slice of a non-IDR picture), nal_ref_idc: 3
[h264 @ 0x55deae2fd700] ct_type:0 pic_struct:2
[h264 @ 0x55deae2fd700] no picture 
[h264 @ 0x55deae31bc40] nal_unit_type: 9(AUD), nal_ref_idc: 0
[h264 @ 0x55deae31bc40] nal_unit_type: 6(SEI), nal_ref_idc: 0
[h264 @ 0x55deae31bc40] nal_unit_type: 1(Coded slice of a non-IDR picture), nal_ref_idc: 0
[h264 @ 0x55deae209080] nal_unit_type: 9(AUD), nal_ref_idc: 0
[h264 @ 0x55deae209080] nal_unit_type: 6(SEI), nal_ref_idc: 0
[h264 @ 0x55deae209080] nal_unit_type: 1(Coded slice of a non-IDR picture), nal_ref_idc: 0
[h264 @ 0x55deae209080] ct_type:0 pic_struct:2
[h264 @ 0x55deae160680] nal_unit_type: 9(AUD), nal_ref_idc: 0
[h264 @ 0x55deae160680] nal_unit_type: 6(SEI), nal_ref_idc: 0
[h264 @ 0x55deae160680] nal_unit_type: 1(Coded slice of a non-IDR picture), nal_ref_idc: 0
[h264 @ 0x55deae0f2440] nal_unit_type: 9(AUD), nal_ref_idc: 0
[h264 @ 0x55deae0f2440] nal_unit_type: 6(SEI), nal_ref_idc: 0
[h264 @ 0x55deae0f2440] nal_unit_type: 1(Coded slice of a non-IDR picture), nal_ref_idc: 0
[h264 @ 0x55deae0f2440] ct_type:0 pic_struct:2
[h264 @ 0x55deae2fd700] nal_unit_type: 9(AUD), nal_ref_idc: 0
[h264 @ 0x55deae2fd700] nal_unit_type: 6(SEI), nal_ref_idc: 0
[h264 @ 0x55deae2fd700] nal_unit_type: 1(Coded slice of a non-IDR picture), nal_ref_idc: 3
[h264 @ 0x55deae31bc40] nal_unit_type: 9(AUD), nal_ref_idc: 0
[h264 @ 0x55deae31bc40] nal_unit_type: 6(SEI), nal_ref_idc: 0
[h264 @ 0x55deae31bc40] nal_unit_type: 1(Coded slice of a non-IDR picture), nal_ref_idc: 3
[h264 @ 0x55deae31bc40] ct_type:0 pic_struct:2
[h264 @ 0x55deae209080] nal_unit_type: 9(AUD), nal_ref_idc: 0
[h264 @ 0x55deae209080] nal_unit_type: 6(SEI), nal_ref_idc: 0
[h264 @ 0x55deae209080] nal_unit_type: 1(Coded slice of a non-IDR picture), nal_ref_idc: 3
[h264 @ 0x55deae160680] nal_unit_type: 9(AUD), nal_ref_idc: 0
[h264 @ 0x55deae160680] nal_unit_type: 6(SEI), nal_ref_idc: 0
[h264 @ 0x55deae160680] nal_unit_type: 1(Coded slice of a non-IDR picture), nal_ref_idc: 3
[h264 @ 0x55deae160680] ct_type:0 pic_struct:2
[h264 @ 0x55deae0f2440] nal_unit_type: 9(AUD), nal_ref_idc: 0
[h264 @ 0x55deae0f2440] nal_unit_type: 6(SEI), nal_ref_idc: 0
[h264 @ 0x55deae0f2440] nal_unit_type: 1(Coded slice of a non-IDR picture), nal_ref_idc: 0
[h264 @ 0x55deae2fd700] nal_unit_type: 9(AUD), nal_ref_idc: 0
[h264 @ 0x55deae2fd700] nal_unit_type: 6(SEI), nal_ref_idc: 0
[h264 @ 0x55deae2fd700] nal_unit_type: 1(Coded slice of a non-IDR picture), nal_ref_idc: 0
[h264 @ 0x55deae2fd700] ct_type:0 pic_struct:2
[h264 @ 0x55deae31bc40] nal_unit_type: 9(AUD), nal_ref_idc: 0
[h264 @ 0x55deae31bc40] nal_unit_type: 6(SEI), nal_ref_idc: 0
[h264 @ 0x55deae31bc40] nal_unit_type: 1(Coded slice of a non-IDR picture), nal_ref_idc: 0
[h264 @ 0x55deae209080] nal_unit_type: 9(AUD), nal_ref_idc: 0
[h264 @ 0x55deae209080] nal_unit_type: 6(SEI), nal_ref_idc: 0
[h264 @ 0x55deae209080] nal_unit_type: 1(Coded slice of a non-IDR picture), nal_ref_idc: 0
[h264 @ 0x55deae209080] ct_type:0 pic_struct:2
[graph 0 input from stream 0:2 @ 0x55deae164ec0] Setting 'video_size' to value '1920x1080'
[graph 0 input from stream 0:2 @ 0x55deae164ec0] Setting 'pix_fmt' to value '0'
[graph 0 input from stream 0:2 @ 0x55deae164ec0] Setting 'time_base' to value '1/90000'
[graph 0 input from stream 0:2 @ 0x55deae164ec0] Setting 'pixel_aspect' to value '1/1'
[graph 0 input from stream 0:2 @ 0x55deae164ec0] Setting 'frame_rate' to value '60000/1001'
[graph 0 input from stream 0:2 @ 0x55deae164ec0] w:1920 h:1080 pixfmt:yuv420p tb:1/90000 fr:60000/1001 sar:1/1
[AVFilterGraph @ 0x55deae13c7c0] query_formats: 4 queried, 3 merged, 0 already done, 0 delayed
Output #0, null, to 'pipe:':
  Metadata:
    encoder         : Lavf60.16.100
  Stream #0:0, 0, 1001/60000: Video: wrapped_avframe, yuv420p(tv, bt709, top coded first (swapped)), 1920x1080 [SAR 1:1 DAR 16:9], q=2-31, 200 kb/s, 59.94 fps, 59.94 tbn
    Metadata:
      variant_bitrate : 11970000
      encoder         : Lavc60.31.102 wrapped_avframe
  Stream #0:1, 0, 1/48000: Audio: pcm_s16le, 48000 Hz, stereo, s16, 1536 kb/s
    Metadata:
      variant_bitrate : 11970000
      comment         : undefined a1
      encoder         : Lavc60.31.102 pcm_s16le
frame=    1 fps=0.0 q=-0.0 size=N/A time=00:00:00.24 bitrate=N/A speed=5.66x    [h264 @ 0x55deae160680] nal_unit_type: 9(AUD), nal_ref_idc: 0
[h264 @ 0x55deae160680] nal_unit_type: 6(SEI), nal_ref_idc: 0
[h264 @ 0x55deae160680] nal_unit_type: 1(Coded slice of a non-IDR picture), nal_ref_idc: 3
[h264 @ 0x55deae0f2440] nal_unit_type: 9(AUD), nal_ref_idc: 0
[h264 @ 0x55deae0f2440] nal_unit_type: 6(SEI), nal_ref_idc: 0
[h264 @ 0x55deae0f2440] nal_unit_type: 1(Coded slice of a non-IDR picture), nal_ref_idc: 3
[h264 @ 0x55deae0f2440] ct_type:0 pic_struct:2
[h264 @ 0x55deae2fd700] nal_unit_type: 9(AUD), nal_ref_idc: 0
[h264 @ 0x55deae2fd700] nal_unit_type: 6(SEI), nal_ref_idc: 0
[h264 @ 0x55deae2fd700] nal_unit_type: 1(Coded slice of a non-IDR picture), nal_ref_idc: 3
[h264 @ 0x55deae31bc40] nal_unit_type: 9(AUD), nal_ref_idc: 0
[h264 @ 0x55deae31bc40] nal_unit_type: 6(SEI), nal_ref_idc: 0
[h264 @ 0x55deae31bc40] nal_unit_type: 1(Coded slice of a non-IDR picture), nal_ref_idc: 3
[h264 @ 0x55deae31bc40] ct_type:0 pic_struct:2
[NULL @ 0x55deae0c2ec0] ct_type:0 pic_struct:2
[h264 @ 0x55deae209080] nal_unit_type: 9(AUD), nal_ref_idc: 0
[h264 @ 0x55deae209080] nal_unit_type: 6(SEI), nal_ref_idc: 0
[h264 @ 0x55deae209080] nal_unit_type: 1(Coded slice of a non-IDR picture), nal_ref_idc: 0
[NULL @ 0x55deae0c2ec0] ct_type:0 pic_struct:1
[h264 @ 0x55deae160680] nal_unit_type: 9(AUD), nal_ref_idc: 0
[h264 @ 0x55deae160680] nal_unit_type: 6(SEI), nal_ref_idc: 0
[h264 @ 0x55deae160680] nal_unit_type: 1(Coded slice of a non-IDR picture), nal_ref_idc: 0
[h264 @ 0x55deae160680] ct_type:0 pic_struct:2
[h264 @ 0x55deae0f2440] nal_unit_type: 9(AUD), nal_ref_idc: 0
[h264 @ 0x55deae0f2440] nal_unit_type: 6(SEI), nal_ref_idc: 0
[h264 @ 0x55deae0f2440] nal_unit_type: 1(Coded slice of a non-IDR picture), nal_ref_idc: 0
[NULL @ 0x55deae0c2ec0] ct_type:0 pic_struct:2
[NULL @ 0x55deae0c2ec0] ct_type:0 pic_struct:1
[h264 @ 0x55deae2fd700] nal_unit_type: 9(AUD), nal_ref_idc: 0
[h264 @ 0x55deae2fd700] nal_unit_type: 6(SEI), nal_ref_idc: 0
[h264 @ 0x55deae2fd700] nal_unit_type: 1(Coded slice of a non-IDR picture), nal_ref_idc: 0
[h264 @ 0x55deae2fd700] ct_type:0 pic_struct:2
[NULL @ 0x55deae0c2ec0] ct_type:0 pic_struct:2
[NULL @ 0x55deae0c2ec0] ct_type:0 pic_struct:1
[h264 @ 0x55deae31bc40] nal_unit_type: 9(AUD), nal_ref_idc: 0
[h264 @ 0x55deae31bc40] nal_unit_type: 6(SEI), nal_ref_idc: 0
[h264 @ 0x55deae31bc40] nal_unit_type: 1(Coded slice of a non-IDR picture), nal_ref_idc: 3
[h264 @ 0x55deae209080] nal_unit_type: 9(AUD), nal_ref_idc: 0
[h264 @ 0x55deae209080] nal_unit_type: 6(SEI), nal_ref_idc: 0
[h264 @ 0x55deae209080] nal_unit_type: 1(Coded slice of a non-IDR picture), nal_ref_idc: 3
[h264 @ 0x55deae209080] ct_type:0 pic_struct:2
[NULL @ 0x55deae0c2ec0] ct_type:0 pic_struct:2
[h264 @ 0x55deae160680] nal_unit_type: 9(AUD), nal_ref_idc: 0
[h264 @ 0x55deae160680] nal_unit_type: 6(SEI), nal_ref_idc: 0
[h264 @ 0x55deae160680] nal_unit_type: 1(Coded slice of a non-IDR picture), nal_ref_idc: 3
[NULL @ 0x55deae0c2ec0] ct_type:0 pic_struct:1
[h264 @ 0x55deae0f2440] nal_unit_type: 9(AUD), nal_ref_idc: 0
[h264 @ 0x55deae0f2440] nal_unit_type: 6(SEI), nal_ref_idc: 0
[h264 @ 0x55deae0f2440] nal_unit_type: 1(Coded slice of a non-IDR picture), nal_ref_idc: 3
[h264 @ 0x55deae0f2440] ct_type:0 pic_struct:2
[NULL @ 0x55deae0c2ec0] ct_type:0 pic_struct:2
[h264 @ 0x55deae2fd700] nal_unit_type: 9(AUD), nal_ref_idc: 0
[h264 @ 0x55deae2fd700] nal_unit_type: 6(SEI), nal_ref_idc: 0
[h264 @ 0x55deae2fd700] nal_unit_type: 1(Coded slice of a non-IDR picture), nal_ref_idc: 0
[NULL @ 0x55deae0c2ec0] ct_type:0 pic_struct:1
[h264 @ 0x55deae31bc40] nal_unit_type: 9(AUD), nal_ref_idc: 0
[h264 @ 0x55deae31bc40] nal_unit_type: 6(SEI), nal_ref_idc: 0
[h264 @ 0x55deae31bc40] nal_unit_type: 1(Coded slice of a non-IDR picture), nal_ref_idc: 0
[h264 @ 0x55deae31bc40] ct_type:0 pic_struct:2
[h264 @ 0x55deae209080] nal_unit_type: 9(AUD), nal_ref_idc: 0
[h264 @ 0x55deae209080] nal_unit_type: 6(SEI), nal_ref_idc: 0
[h264 @ 0x55deae209080] nal_unit_type: 1(Coded slice of a non-IDR picture), nal_ref_idc: 0
[NULL @ 0x55deae0c2ec0] ct_type:0 pic_struct:2
[h264 @ 0x55deae160680] nal_unit_type: 9(AUD), nal_ref_idc: 0
[h264 @ 0x55deae160680] nal_unit_type: 6(SEI), nal_ref_idc: 0
[h264 @ 0x55deae160680] nal_unit_type: 1(Coded slice of a non-IDR picture), nal_ref_idc: 0
[h264 @ 0x55deae160680] ct_type:0 pic_struct:2
[NULL @ 0x55deae0c2ec0] ct_type:0 pic_struct:1
[h264 @ 0x55deae0f2440] nal_unit_type: 9(AUD), nal_ref_idc: 0
[h264 @ 0x55deae0f2440] nal_unit_type: 6(SEI), nal_ref_idc: 0
[NULL @ 0x55deae0c2ec0] ct_type:0 pic_struct:2
[h264 @ 0x55deae0f2440] nal_unit_type: 1(Coded slice of a non-IDR picture), nal_ref_idc: 3
[NULL @ 0x55deae0c2ec0] ct_type:0 pic_struct:1
[h264 @ 0x55deae2fd700] nal_unit_type: 9(AUD), nal_ref_idc: 0
[h264 @ 0x55deae2fd700] nal_unit_type: 6(SEI), nal_ref_idc: 0
[h264 @ 0x55deae2fd700] nal_unit_type: 1(Coded slice of a non-IDR picture), nal_ref_idc: 3
[h264 @ 0x55deae2fd700] ct_type:0 pic_struct:2
[NULL @ 0x55deae0c2ec0] ct_type:0 pic_struct:2
[h264 @ 0x55deae31bc40] nal_unit_type: 9(AUD), nal_ref_idc: 0
[h264 @ 0x55deae31bc40] nal_unit_type: 6(SEI), nal_ref_idc: 0
[h264 @ 0x55deae31bc40] nal_unit_type: 1(Coded slice of a non-IDR picture), nal_ref_idc: 3
[NULL @ 0x55deae0c2ec0] ct_type:0 pic_struct:1
[h264 @ 0x55deae209080] nal_unit_type: 9(AUD), nal_ref_idc: 0
[h264 @ 0x55deae209080] nal_unit_type: 6(SEI), nal_ref_idc: 0
[h264 @ 0x55deae209080] nal_unit_type: 1(Coded slice of a non-IDR picture), nal_ref_idc: 3
[h264 @ 0x55deae209080] ct_type:0 pic_struct:2
[NULL @ 0x55deae0c2ec0] ct_type:0 pic_struct:2
[h264 @ 0x55deae160680] nal_unit_type: 9(AUD), nal_ref_idc: 0
[h264 @ 0x55deae160680] nal_unit_type: 6(SEI), nal_ref_idc: 0
[h264 @ 0x55deae160680] nal_unit_type: 1(Coded slice of a non-IDR picture), nal_ref_idc: 0
[NULL @ 0x55deae0c2ec0] ct_type:0 pic_struct:1
[h264 @ 0x55deae0f2440] nal_unit_type: 9(AUD), nal_ref_idc: 0
[h264 @ 0x55deae0f2440] nal_unit_type: 6(SEI), nal_ref_idc: 0
[h264 @ 0x55deae0f2440] nal_unit_type: 1(Coded slice of a non-IDR picture), nal_ref_idc: 0
[h264 @ 0x55deae0f2440] ct_type:0 pic_struct:2
[h264 @ 0x55deae2fd700] nal_unit_type: 9(AUD), nal_ref_idc: 0
[h264 @ 0x55deae2fd700] nal_unit_type: 6(SEI), nal_ref_idc: 0
[h264 @ 0x55deae2fd700] nal_unit_type: 1(Coded slice of a non-IDR picture), nal_ref_idc: 0
[NULL @ 0x55deae0c2ec0] ct_type:0 pic_struct:2
[h264 @ 0x55deae31bc40] nal_unit_type: 9(AUD), nal_ref_idc: 0
[h264 @ 0x55deae31bc40] nal_unit_type: 6(SEI), nal_ref_idc: 0
[h264 @ 0x55deae31bc40] nal_unit_type: 1(Coded slice of a non-IDR picture), nal_ref_idc: 0
[h264 @ 0x55deae31bc40] ct_type:0 pic_struct:2
[NULL @ 0x55deae0c2ec0] Decoding VUI
[NULL @ 0x55deae0c2ec0] ct_type:0 pic_struct:1
[NULL @ 0x55deae0c2ec0] ct_type:0 pic_struct:2
[NULL @ 0x55deae0c2ec0] ct_type:0 pic_struct:1
[h264 @ 0x55deae209080] nal_unit_type: 9(AUD), nal_ref_idc: 0
[h264 @ 0x55deae209080] nal_unit_type: 7(SPS), nal_ref_idc: 3
[h264 @ 0x55deae209080] nal_unit_type: 8(PPS), nal_ref_idc: 3
[h264 @ 0x55deae209080] nal_unit_type: 8(PPS), nal_ref_idc: 3
[h264 @ 0x55deae209080] nal_unit_type: 6(SEI), nal_ref_idc: 0
[h264 @ 0x55deae209080] nal_unit_type: 1(Coded slice of a non-IDR picture), nal_ref_idc: 3
[h264 @ 0x55deae209080] Decoding VUI
[NULL @ 0x55deae0c2ec0] ct_type:0 pic_struct:2
[h264 @ 0x55deae160680] nal_unit_type: 9(AUD), nal_ref_idc: 0
[h264 @ 0x55deae160680] nal_unit_type: 6(SEI), nal_ref_idc: 0
[h264 @ 0x55deae160680] nal_unit_type: 1(Coded slice of a non-IDR picture), nal_ref_idc: 3
[h264 @ 0x55deae160680] ct_type:0 pic_struct:2
[h264 @ 0x55deae0f2440] nal_unit_type: 9(AUD), nal_ref_idc: 0
[NULL @ 0x55deae0c2ec0] ct_type:0 pic_struct:1
[h264 @ 0x55deae0f2440] nal_unit_type: 6(SEI), nal_ref_idc: 0
[h264 @ 0x55deae0f2440] nal_unit_type: 1(Coded slice of a non-IDR picture), nal_ref_idc: 3
[h264 @ 0x55deae2fd700] nal_unit_type: 9(AUD), nal_ref_idc: 0
[h264 @ 0x55deae2fd700] nal_unit_type: 6(SEI), nal_ref_idc: 0
[h264 @ 0x55deae2fd700] nal_unit_type: 1(Coded slice of a non-IDR picture), nal_ref_idc: 3
[h264 @ 0x55deae2fd700] ct_type:0 pic_struct:2
[h264 @ 0x55deae31bc40] nal_unit_type: 9(AUD), nal_ref_idc: 0
[h264 @ 0x55deae31bc40] nal_unit_type: 6(SEI), nal_ref_idc: 0
[h264 @ 0x55deae31bc40] nal_unit_type: 1(Coded slice of a non-IDR picture), nal_ref_idc: 0
[NULL @ 0x55deae0c2ec0] ct_type:0 pic_struct:2
[h264 @ 0x55deae209080] nal_unit_type: 9(AUD), nal_ref_idc: 0
[h264 @ 0x55deae209080] nal_unit_type: 6(SEI), nal_ref_idc: 0
[h264 @ 0x55deae209080] nal_unit_type: 1(Coded slice of a non-IDR picture), nal_ref_idc: 0
[h264 @ 0x55deae209080] ct_type:0 pic_struct:2
[NULL @ 0x55deae0c2ec0] ct_type:0 pic_struct:1
[h264 @ 0x55deae160680] nal_unit_type: 9(AUD), nal_ref_idc: 0
[h264 @ 0x55deae160680] nal_unit_type: 6(SEI), nal_ref_idc: 0
[h264 @ 0x55deae160680] nal_unit_type: 1(Coded slice of a non-IDR picture), nal_ref_idc: 0
[NULL @ 0x55deae0c2ec0] ct_type:0 pic_struct:2
[h264 @ 0x55deae0f2440] nal_unit_type: 9(AUD), nal_ref_idc: 0
[h264 @ 0x55deae0f2440] nal_unit_type: 6(SEI), nal_ref_idc: 0
[h264 @ 0x55deae0f2440] nal_unit_type: 1(Coded slice of a non-IDR picture), nal_ref_idc: 0
[h264 @ 0x55deae0f2440] ct_type:0 pic_struct:2
[NULL @ 0x55deae0c2ec0] ct_type:0 pic_struct:1
[h264 @ 0x55deae2fd700] nal_unit_type: 9(AUD), nal_ref_idc: 0
[h264 @ 0x55deae2fd700] nal_unit_type: 6(SEI), nal_ref_idc: 0
[h264 @ 0x55deae2fd700] nal_unit_type: 1(Coded slice of a non-IDR picture), nal_ref_idc: 3
[NULL @ 0x55deae0c2ec0] ct_type:0 pic_struct:2
[NULL @ 0x55deae0c2ec0] ct_type:0 pic_struct:1
[h264 @ 0x55deae31bc40] nal_unit_type: 9(AUD), nal_ref_idc: 0
[h264 @ 0x55deae31bc40] nal_unit_type: 6(SEI), nal_ref_idc: 0
[h264 @ 0x55deae31bc40] nal_unit_type: 1(Coded slice of a non-IDR picture), nal_ref_idc: 3
[h264 @ 0x55deae31bc40] ct_type:0 pic_struct:2
[NULL @ 0x55deae0c2ec0] ct_type:0 pic_struct:2
[h264 @ 0x55deae209080] nal_unit_type: 9(AUD), nal_ref_idc: 0
[h264 @ 0x55deae209080] nal_unit_type: 6(SEI), nal_ref_idc: 0
[h264 @ 0x55deae209080] nal_unit_type: 1(Coded slice of a non-IDR picture), nal_ref_idc: 3
[h264 @ 0x55deae160680] nal_unit_type: 9(AUD), nal_ref_idc: 0
[h264 @ 0x55deae160680] nal_unit_type: 6(SEI), nal_ref_idc: 0
[h264 @ 0x55deae160680] nal_unit_type: 1(Coded slice of a non-IDR picture), nal_ref_idc: 3
[h264 @ 0x55deae160680] ct_type:0 pic_struct:2
[NULL @ 0x55deae0c2ec0] ct_type:0 pic_struct:1
[NULL @ 0x55deae0c2ec0] ct_type:0 pic_struct:2
[h264 @ 0x55deae0f2440] nal_unit_type: 9(AUD), nal_ref_idc: 0
[h264 @ 0x55deae0f2440] nal_unit_type: 6(SEI), nal_ref_idc: 0
[h264 @ 0x55deae0f2440] nal_unit_type: 1(Coded slice of a non-IDR picture), nal_ref_idc: 0
[NULL @ 0x55deae0c2ec0] ct_type:0 pic_struct:1
[h264 @ 0x55deae2fd700] nal_unit_type: 9(AUD), nal_ref_idc: 0
[h264 @ 0x55deae2fd700] nal_unit_type: 6(SEI), nal_ref_idc: 0
[h264 @ 0x55deae2fd700] nal_unit_type: 1(Coded slice of a non-IDR picture), nal_ref_idc: 0
[h264 @ 0x55deae2fd700] ct_type:0 pic_struct:2
[h264 @ 0x55deae31bc40] nal_unit_type: 9(AUD), nal_ref_idc: 0
[h264 @ 0x55deae31bc40] nal_unit_type: 6(SEI), nal_ref_idc: 0
[h264 @ 0x55deae31bc40] nal_unit_type: 1(Coded slice of a non-IDR picture), nal_ref_idc: 0
[NULL @ 0x55deae0c2ec0] ct_type:0 pic_struct:2
[NULL @ 0x55deae0c2ec0] ct_type:0 pic_struct:1
[h264 @ 0x55deae209080] nal_unit_type: 9(AUD), nal_ref_idc: 0
[h264 @ 0x55deae209080] nal_unit_type: 6(SEI), nal_ref_idc: 0
[h264 @ 0x55deae209080] nal_unit_type: 1(Coded slice of a non-IDR picture), nal_ref_idc: 0
[h264 @ 0x55deae209080] ct_type:0 pic_struct:2
[NULL @ 0x55deae0c2ec0] ct_type:0 pic_struct:2
[h264 @ 0x55deae160680] nal_unit_type: 9(AUD), nal_ref_idc: 0
[h264 @ 0x55deae160680] nal_unit_type: 6(SEI), nal_ref_idc: 0
[h264 @ 0x55deae160680] nal_unit_type: 1(Coded slice of a non-IDR picture), nal_ref_idc: 3
[NULL @ 0x55deae0c2ec0] ct_type:0 pic_struct:1
[h264 @ 0x55deae0f2440] nal_unit_type: 9(AUD), nal_ref_idc: 0
[h264 @ 0x55deae0f2440] nal_unit_type: 6(SEI), nal_ref_idc: 0
[h264 @ 0x55deae0f2440] nal_unit_type: 1(Coded slice of a non-IDR picture), nal_ref_idc: 3
[h264 @ 0x55deae0f2440] ct_type:0 pic_struct:2
[NULL @ 0x55deae0c2ec0] ct_type:0 pic_struct:2
[NULL @ 0x55deae0c2ec0] ct_type:0 pic_struct:1
[h264 @ 0x55deae2fd700] nal_unit_type: 9(AUD), nal_ref_idc: 0
[h264 @ 0x55deae2fd700] nal_unit_type: 6(SEI), nal_ref_idc: 0
[h264 @ 0x55deae2fd700] nal_unit_type: 1(Coded slice of a non-IDR picture), nal_ref_idc: 3
[h264 @ 0x55deae31bc40] nal_unit_type: 9(AUD), nal_ref_idc: 0
[h264 @ 0x55deae31bc40] nal_unit_type: 6(SEI), nal_ref_idc: 0
[h264 @ 0x55deae31bc40] nal_unit_type: 1(Coded slice of a non-IDR picture), nal_ref_idc: 3
[h264 @ 0x55deae31bc40] ct_type:0 pic_struct:2
[NULL @ 0x55deae0c2ec0] ct_type:0 pic_struct:2
[h264 @ 0x55deae209080] nal_unit_type: 9(AUD), nal_ref_idc: 0
[h264 @ 0x55deae209080] nal_unit_type: 6(SEI), nal_ref_idc: 0
[h264 @ 0x55deae209080] nal_unit_type: 1(Coded slice of a non-IDR picture), nal_ref_idc: 0
[NULL @ 0x55deae0c2ec0] ct_type:0 pic_struct:1
[h264 @ 0x55deae160680] nal_unit_type: 9(AUD), nal_ref_idc: 0
[h264 @ 0x55deae160680] nal_unit_type: 6(SEI), nal_ref_idc: 0
[h264 @ 0x55deae160680] nal_unit_type: 1(Coded slice of a non-IDR picture), nal_ref_idc: 0
[h264 @ 0x55deae160680] ct_type:0 pic_struct:2
[h264 @ 0x55deae0f2440] nal_unit_type: 9(AUD), nal_ref_idc: 0
[h264 @ 0x55deae0f2440] nal_unit_type: 6(SEI), nal_ref_idc: 0
[h264 @ 0x55deae0f2440] nal_unit_type: 1(Coded slice of a non-IDR picture), nal_ref_idc: 0
[NULL @ 0x55deae0c2ec0] ct_type:0 pic_struct:2
[h264 @ 0x55deae2fd700] nal_unit_type: 9(AUD), nal_ref_idc: 0
[h264 @ 0x55deae2fd700] nal_unit_type: 6(SEI), nal_ref_idc: 0
[h264 @ 0x55deae2fd700] nal_unit_type: 1(Coded slice of a non-IDR picture), nal_ref_idc: 0
[h264 @ 0x55deae2fd700] ct_type:0 pic_struct:2
[NULL @ 0x55deae0c2ec0] ct_type:0 pic_struct:1
[NULL @ 0x55deae0c2ec0] ct_type:0 pic_struct:2
[h264 @ 0x55deae31bc40] nal_unit_type: 9(AUD), nal_ref_idc: 0
[h264 @ 0x55deae31bc40] nal_unit_type: 6(SEI), nal_ref_idc: 0
[h264 @ 0x55deae31bc40] nal_unit_type: 1(Coded slice of a non-IDR picture), nal_ref_idc: 3
[NULL @ 0x55deae0c2ec0] ct_type:0 pic_struct:1
[h264 @ 0x55deae209080] nal_unit_type: 9(AUD), nal_ref_idc: 0
[h264 @ 0x55deae209080] nal_unit_type: 6(SEI), nal_ref_idc: 0
[h264 @ 0x55deae209080] nal_unit_type: 1(Coded slice of a non-IDR picture), nal_ref_idc: 3
[h264 @ 0x55deae209080] ct_type:0 pic_struct:2
[h264 @ 0x55deae160680] nal_unit_type: 9(AUD), nal_ref_idc: 0
[h264 @ 0x55deae160680] nal_unit_type: 6(SEI), nal_ref_idc: 0
[h264 @ 0x55deae160680] nal_unit_type: 1(Coded slice of a non-IDR picture), nal_ref_idc: 3
[NULL @ 0x55deae0c2ec0] ct_type:0 pic_struct:2
[NULL @ 0x55deae0c2ec0] ct_type:0 pic_struct:1
[NULL @ 0x55deae0c2ec0] ct_type:0 pic_struct:2
[h264 @ 0x55deae0f2440] nal_unit_type: 9(AUD), nal_ref_idc: 0
[h264 @ 0x55deae0f2440] nal_unit_type: 6(SEI), nal_ref_idc: 0
[h264 @ 0x55deae0f2440] nal_unit_type: 1(Coded slice of a non-IDR picture), nal_ref_idc: 3
[h264 @ 0x55deae0f2440] ct_type:0 pic_struct:2
[h264 @ 0x55deae2fd700] nal_unit_type: 9(AUD), nal_ref_idc: 0
[h264 @ 0x55deae2fd700] nal_unit_type: 6(SEI), nal_ref_idc: 0
[h264 @ 0x55deae2fd700] nal_unit_type: 1(Coded slice of a non-IDR picture), nal_ref_idc: 0
[NULL @ 0x55deae0c2ec0] ct_type:0 pic_struct:1
[h264 @ 0x55deae31bc40] nal_unit_type: 9(AUD), nal_ref_idc: 0
[h264 @ 0x55deae31bc40] nal_unit_type: 6(SEI), nal_ref_idc: 0
[h264 @ 0x55deae31bc40] nal_unit_type: 1(Coded slice of a non-IDR picture), nal_ref_idc: 0
[h264 @ 0x55deae31bc40] ct_type:0 pic_struct:2
[h264 @ 0x55deae209080] nal_unit_type: 9(AUD), nal_ref_idc: 0
[h264 @ 0x55deae209080] nal_unit_type: 6(SEI), nal_ref_idc: 0
[h264 @ 0x55deae209080] nal_unit_type: 1(Coded slice of a non-IDR picture), nal_ref_idc: 0
[NULL @ 0x55deae0c2ec0] ct_type:0 pic_struct:2
[h264 @ 0x55deae160680] nal_unit_type: 9(AUD), nal_ref_idc: 0
[h264 @ 0x55deae160680] nal_unit_type: 6(SEI), nal_ref_idc: 0
[h264 @ 0x55deae160680] nal_unit_type: 1(Coded slice of a non-IDR picture), nal_ref_idc: 0
[h264 @ 0x55deae160680] ct_type:0 pic_struct:2
[NULL @ 0x55deae0c2ec0] ct_type:0 pic_struct:1
[NULL @ 0x55deae0c2ec0] ct_type:0 pic_struct:2
[NULL @ 0x55deae0c2ec0] ct_type:0 pic_struct:1
[h264 @ 0x55deae0f2440] nal_unit_type: 9(AUD), nal_ref_idc: 0
[h264 @ 0x55deae0f2440] nal_unit_type: 6(SEI), nal_ref_idc: 0
[h264 @ 0x55deae0f2440] nal_unit_type: 1(Coded slice of a non-IDR picture), nal_ref_idc: 3
[h264 @ 0x55deae2fd700] nal_unit_type: 9(AUD), nal_ref_idc: 0
[h264 @ 0x55deae2fd700] nal_unit_type: 6(SEI), nal_ref_idc: 0
[h264 @ 0x55deae2fd700] nal_unit_type: 1(Coded slice of a non-IDR picture), nal_ref_idc: 3
[h264 @ 0x55deae2fd700] ct_type:0 pic_struct:2
[NULL @ 0x55deae0c2ec0] ct_type:0 pic_struct:2
[h264 @ 0x55deae31bc40] nal_unit_type: 9(AUD), nal_ref_idc: 0
[h264 @ 0x55deae31bc40] nal_unit_type: 6(SEI), nal_ref_idc: 0
[h264 @ 0x55deae31bc40] nal_unit_type: 1(Coded slice of a non-IDR picture), nal_ref_idc: 3
[h264 @ 0x55deae209080] nal_unit_type: 9(AUD), nal_ref_idc: 0
[h264 @ 0x55deae209080] nal_unit_type: 6(SEI), nal_ref_idc: 0
[h264 @ 0x55deae209080] nal_unit_type: 1(Coded slice of a non-IDR picture), nal_ref_idc: 3
[h264 @ 0x55deae209080] ct_type:0 pic_struct:2
[NULL @ 0x55deae0c2ec0] ct_type:0 pic_struct:1
[NULL @ 0x55deae0c2ec0] ct_type:0 pic_struct:2
[h264 @ 0x55deae160680] nal_unit_type: 9(AUD), nal_ref_idc: 0
[h264 @ 0x55deae160680] nal_unit_type: 6(SEI), nal_ref_idc: 0
[h264 @ 0x55deae160680] nal_unit_type: 1(Coded slice of a non-IDR picture), nal_ref_idc: 0
[h264 @ 0x55deae0f2440] nal_unit_type: 9(AUD), nal_ref_idc: 0
[h264 @ 0x55deae0f2440] nal_unit_type: 6(SEI), nal_ref_idc: 0
[h264 @ 0x55deae0f2440] nal_unit_type: 1(Coded slice of a non-IDR picture), nal_ref_idc: 0
[h264 @ 0x55deae0f2440] ct_type:0 pic_struct:2
[NULL @ 0x55deae0c2ec0] ct_type:0 pic_struct:1
[h264 @ 0x55deae2fd700] nal_unit_type: 9(AUD), nal_ref_idc: 0
[h264 @ 0x55deae2fd700] nal_unit_type: 6(SEI), nal_ref_idc: 0
[h264 @ 0x55deae2fd700] nal_unit_type: 1(Coded slice of a non-IDR picture), nal_ref_idc: 0
[NULL @ 0x55deae0c2ec0] ct_type:0 pic_struct:2
[h264 @ 0x55deae31bc40] nal_unit_type: 9(AUD), nal_ref_idc: 0
[h264 @ 0x55deae31bc40] nal_unit_type: 6(SEI), nal_ref_idc: 0
[h264 @ 0x55deae31bc40] nal_unit_type: 1(Coded slice of a non-IDR picture), nal_ref_idc: 0
[h264 @ 0x55deae31bc40] ct_type:0 pic_struct:2
[NULL @ 0x55deae0c2ec0] ct_type:0 pic_struct:1
[NULL @ 0x55deae0c2ec0] ct_type:0 pic_struct:2
[h264 @ 0x55deae209080] nal_unit_type: 9(AUD), nal_ref_idc: 0
[h264 @ 0x55deae209080] nal_unit_type: 6(SEI), nal_ref_idc: 0
[h264 @ 0x55deae209080] nal_unit_type: 1(Coded slice of a non-IDR picture), nal_ref_idc: 3
[h264 @ 0x55deae160680] nal_unit_type: 9(AUD), nal_ref_idc: 0
[h264 @ 0x55deae160680] nal_unit_type: 6(SEI), nal_ref_idc: 0
[h264 @ 0x55deae160680] nal_unit_type: 1(Coded slice of a non-IDR picture), nal_ref_idc: 3
[h264 @ 0x55deae160680] ct_type:0 pic_struct:2
[NULL @ 0x55deae0c2ec0] ct_type:0 pic_struct:1
[NULL @ 0x55deae0c2ec0] ct_type:0 pic_struct:2
[h264 @ 0x55deae0f2440] nal_unit_type: 9(AUD), nal_ref_idc: 0
[h264 @ 0x55deae0f2440] nal_unit_type: 6(SEI), nal_ref_idc: 0
[h264 @ 0x55deae0f2440] nal_unit_type: 1(Coded slice of a non-IDR picture), nal_ref_idc: 3
[h264 @ 0x55deae2fd700] nal_unit_type: 9(AUD), nal_ref_idc: 0
[h264 @ 0x55deae2fd700] nal_unit_type: 6(SEI), nal_ref_idc: 0
[h264 @ 0x55deae2fd700] nal_unit_type: 1(Coded slice of a non-IDR picture), nal_ref_idc: 3
[h264 @ 0x55deae2fd700] ct_type:0 pic_struct:2
[NULL @ 0x55deae0c2ec0] ct_type:0 pic_struct:1
[NULL @ 0x55deae0c2ec0] ct_type:0 pic_struct:2
[h264 @ 0x55deae31bc40] nal_unit_type: 9(AUD), nal_ref_idc: 0
[h264 @ 0x55deae31bc40] nal_unit_type: 6(SEI), nal_ref_idc: 0
[h264 @ 0x55deae31bc40] nal_unit_type: 1(Coded slice of a non-IDR picture), nal_ref_idc: 0
[NULL @ 0x55deae0c2ec0] ct_type:0 pic_struct:1
[h264 @ 0x55deae209080] nal_unit_type: 9(AUD), nal_ref_idc: 0
[h264 @ 0x55deae209080] nal_unit_type: 6(SEI), nal_ref_idc: 0
[h264 @ 0x55deae209080] nal_unit_type: 1(Coded slice of a non-IDR picture), nal_ref_idc: 0
[h264 @ 0x55deae209080] ct_type:0 pic_struct:2
[h264 @ 0x55deae160680] nal_unit_type: 9(AUD), nal_ref_idc: 0
[h264 @ 0x55deae160680] nal_unit_type: 6(SEI), nal_ref_idc: 0
[h264 @ 0x55deae160680] nal_unit_type: 1(Coded slice of a non-IDR picture), nal_ref_idc: 0
[NULL @ 0x55deae0c2ec0] ct_type:0 pic_struct:2
[h264 @ 0x55deae0f2440] nal_unit_type: 9(AUD), nal_ref_idc: 0
[h264 @ 0x55deae0f2440] nal_unit_type: 6(SEI), nal_ref_idc: 0
[h264 @ 0x55deae0f2440] nal_unit_type: 1(Coded slice of a non-IDR picture), nal_ref_idc: 0
[h264 @ 0x55deae0f2440] ct_type:0 pic_struct:2
[hls @ 0x55deae064e80] HLS request for url 'http://138.121.15.230:9002/RCN/tracks-a1/2026/07/09/03/35/21-06006.ts', offset 0, playlist 0
[http @ 0x55deae08b680] Opening 'http://138.121.15.230:9002/RCN/tracks-a1/2026/07/09/03/35/21-06006.ts' for reading
[http @ 0x55deae08b580] request: GET /RCN/tracks-a1/2026/07/09/03/35/21-06006.ts HTTP/1.1
User-Agent: Lavf/60.16.100
Accept: */*
Range: bytes=0-
Connection: keep-alive
Host: 138.121.15.230:9002
Icy-MetaData: 1


[hls @ 0x55deae064e80] No longer receiving playlist 1 ('http://138.121.15.230:9002/RCN/tracks-a2/mono.m3u8')
[NULL @ 0x55deae0c2ec0] ct_type:0 pic_struct:1
[NULL @ 0x55deae0c2ec0] ct_type:0 pic_struct:2
[h264 @ 0x55deae2fd700] nal_unit_type: 9(AUD), nal_ref_idc: 0
[h264 @ 0x55deae2fd700] nal_unit_type: 6(SEI), nal_ref_idc: 0
[h264 @ 0x55deae2fd700] nal_unit_type: 1(Coded slice of a non-IDR picture), nal_ref_idc: 3
[NULL @ 0x55deae0c2ec0] ct_type:0 pic_struct:1
[NULL @ 0x55deae0c2ec0] ct_type:0 pic_struct:2
[h264 @ 0x55deae31bc40] nal_unit_type: 9(AUD), nal_ref_idc: 0
[h264 @ 0x55deae31bc40] nal_unit_type: 6(SEI), nal_ref_idc: 0
[h264 @ 0x55deae31bc40] nal_unit_type: 1(Coded slice of a non-IDR picture), nal_ref_idc: 3
[h264 @ 0x55deae31bc40] ct_type:0 pic_struct:2
frame=   37 fps=0.0 q=-0.0 size=N/A time=00:00:01.46 bitrate=N/A speed=2.38x    [NULL @ 0x55deae0c2ec0] ct_type:0 pic_struct:1
[h264 @ 0x55deae209080] nal_unit_type: 9(AUD), nal_ref_idc: 0
[NULL @ 0x55deae0c2ec0] ct_type:0 pic_struct:2
[h264 @ 0x55deae209080] nal_unit_type: 6(SEI), nal_ref_idc: 0
[h264 @ 0x55deae209080] nal_unit_type: 1(Coded slice of a non-IDR picture), nal_ref_idc: 3
[h264 @ 0x55deae160680] nal_unit_type: 9(AUD), nal_ref_idc: 0
[h264 @ 0x55deae160680] nal_unit_type: 6(SEI), nal_ref_idc: 0
[h264 @ 0x55deae160680] nal_unit_type: 1(Coded slice of a non-IDR picture), nal_ref_idc: 3
[h264 @ 0x55deae160680] ct_type:0 pic_struct:2
[NULL @ 0x55deae0c2ec0] ct_type:0 pic_struct:1
[h264 @ 0x55deae0f2440] nal_unit_type: 9(AUD), nal_ref_idc: 0
[h264 @ 0x55deae0f2440] nal_unit_type: 6(SEI), nal_ref_idc: 0
[h264 @ 0x55deae0f2440] nal_unit_type: 1(Coded slice of a non-IDR picture), nal_ref_idc: 0
[h264 @ 0x55deae2fd700] nal_unit_type: 9(AUD), nal_ref_idc: 0
[h264 @ 0x55deae2fd700] nal_unit_type: 6(SEI), nal_ref_idc: 0
[h264 @ 0x55deae2fd700] nal_unit_type: 1(Coded slice of a non-IDR picture), nal_ref_idc: 0
[h264 @ 0x55deae2fd700] ct_type:0 pic_struct:2
[NULL @ 0x55deae0c2ec0] ct_type:0 pic_struct:2
[hls @ 0x55deae064e80] HLS request for url 'http://138.121.15.230:9002/RCN/tracks-v1a1/2026/07/09/03/35/21-06006.ts', offset 0, playlist 2
[http @ 0x55deae0bb680] Opening 'http://138.121.15.230:9002/RCN/tracks-v1a1/2026/07/09/03/35/21-06006.ts' for reading
[http @ 0x55deae0db1c0] request: GET /RCN/tracks-v1a1/2026/07/09/03/35/21-06006.ts HTTP/1.1
User-Agent: Lavf/60.16.100
Accept: */*
Range: bytes=0-
Connection: keep-alive
Host: 138.121.15.230:9002
Icy-MetaData: 1


[h264 @ 0x55deae31bc40] nal_unit_type: 9(AUD), nal_ref_idc: 0
[h264 @ 0x55deae31bc40] nal_unit_type: 6(SEI), nal_ref_idc: 0
[h264 @ 0x55deae31bc40] nal_unit_type: 1(Coded slice of a non-IDR picture), nal_ref_idc: 0
[h264 @ 0x55deae209080] nal_unit_type: 9(AUD), nal_ref_idc: 0
[h264 @ 0x55deae209080] nal_unit_type: 6(SEI), nal_ref_idc: 0
[h264 @ 0x55deae209080] nal_unit_type: 1(Coded slice of a non-IDR picture), nal_ref_idc: 0
[h264 @ 0x55deae209080] ct_type:0 pic_struct:2
[NULL @ 0x55deae0c2ec0] ct_type:0 pic_struct:1
[h264 @ 0x55deae160680] nal_unit_type: 9(AUD), nal_ref_idc: 0
[h264 @ 0x55deae160680] nal_unit_type: 6(SEI), nal_ref_idc: 0
[h264 @ 0x55deae160680] nal_unit_type: 1(Coded slice of a non-IDR picture), nal_ref_idc: 3
[NULL @ 0x55deae0c2ec0] Decoding VUI
[NULL @ 0x55deae0c2ec0] ct_type:0 pic_struct:1
[NULL @ 0x55deae0c2ec0] ct_type:0 pic_struct:2
[h264 @ 0x55deae0f2440] nal_unit_type: 9(AUD), nal_ref_idc: 0
[h264 @ 0x55deae0f2440] nal_unit_type: 7(SPS), nal_ref_idc: 3
[h264 @ 0x55deae0f2440] nal_unit_type: 8(PPS), nal_ref_idc: 3
[h264 @ 0x55deae0f2440] nal_unit_type: 8(PPS), nal_ref_idc: 3
[h264 @ 0x55deae0f2440] nal_unit_type: 6(SEI), nal_ref_idc: 0
[h264 @ 0x55deae0f2440] nal_unit_type: 1(Coded slice of a non-IDR picture), nal_ref_idc: 3
[h264 @ 0x55deae0f2440] Decoding VUI
[out_0_1 @ 0x55deae14acc0] EOF on sink link out_0_1:default.
[h264 @ 0x55deae2fd700] nal_unit_type: 9(AUD), nal_ref_idc: 0
[h264 @ 0x55deae2fd700] nal_unit_type: 6(SEI), nal_ref_idc: 0
[h264 @ 0x55deae2fd700] nal_unit_type: 1(Coded slice of a non-IDR picture), nal_ref_idc: 3
[h264 @ 0x55deae2fd700] ct_type:0 pic_struct:2
[h264 @ 0x55deae2fd700] Invalid POC 66024<66074
[NULL @ 0x55deae0c2ec0] ct_type:0 pic_struct:1
[NULL @ 0x55deae0c2ec0] ct_type:0 pic_struct:2
[h264 @ 0x55deae31bc40] nal_unit_type: 9(AUD), nal_ref_idc: 0
[h264 @ 0x55deae31bc40] nal_unit_type: 6(SEI), nal_ref_idc: 0
[h264 @ 0x55deae31bc40] nal_unit_type: 1(Coded slice of a non-IDR picture), nal_ref_idc: 3
[h264 @ 0x55deae209080] nal_unit_type: 9(AUD), nal_ref_idc: 0
[h264 @ 0x55deae209080] nal_unit_type: 6(SEI), nal_ref_idc: 0
[h264 @ 0x55deae209080] nal_unit_type: 1(Coded slice of a non-IDR picture), nal_ref_idc: 3
[h264 @ 0x55deae209080] ct_type:0 pic_struct:2
[h264 @ 0x55deae209080] Invalid POC 66020<66024
[NULL @ 0x55deae0c2ec0] ct_type:0 pic_struct:1
[NULL @ 0x55deae0c2ec0] ct_type:0 pic_struct:2
[h264 @ 0x55deae160680] nal_unit_type: 9(AUD), nal_ref_idc: 0
[h264 @ 0x55deae160680] nal_unit_type: 6(SEI), nal_ref_idc: 0
[h264 @ 0x55deae160680] nal_unit_type: 1(Coded slice of a non-IDR picture), nal_ref_idc: 0
[NULL @ 0x55deae0c2ec0] ct_type:0 pic_struct:1
[h264 @ 0x55deae0f2440] nal_unit_type: 9(AUD), nal_ref_idc: 0
[h264 @ 0x55deae0f2440] nal_unit_type: 6(SEI), nal_ref_idc: 0
[h264 @ 0x55deae0f2440] nal_unit_type: 1(Coded slice of a non-IDR picture), nal_ref_idc: 0
[h264 @ 0x55deae0f2440] ct_type:0 pic_struct:2
[h264 @ 0x55deae0f2440] Invalid POC 66018<66020
[h264 @ 0x55deae2fd700] nal_unit_type: 9(AUD), nal_ref_idc: 0
[h264 @ 0x55deae2fd700] nal_unit_type: 6(SEI), nal_ref_idc: 0
[h264 @ 0x55deae2fd700] nal_unit_type: 1(Coded slice of a non-IDR picture), nal_ref_idc: 0
[NULL @ 0x55deae0c2ec0] ct_type:0 pic_struct:2
[h264 @ 0x55deae31bc40] nal_unit_type: 9(AUD), nal_ref_idc: 0
[h264 @ 0x55deae31bc40] nal_unit_type: 6(SEI), nal_ref_idc: 0
[h264 @ 0x55deae31bc40] nal_unit_type: 1(Coded slice of a non-IDR picture), nal_ref_idc: 0
[h264 @ 0x55deae31bc40] ct_type:0 pic_struct:2
[NULL @ 0x55deae0c2ec0] ct_type:0 pic_struct:1
[h264 @ 0x55deae209080] nal_unit_type: 9(AUD), nal_ref_idc: 0
[h264 @ 0x55deae209080] nal_unit_type: 6(SEI), nal_ref_idc: 0
[h264 @ 0x55deae209080] nal_unit_type: 1(Coded slice of a non-IDR picture), nal_ref_idc: 3
[NULL @ 0x55deae0c2ec0] ct_type:0 pic_struct:2
[h264 @ 0x55deae160680] nal_unit_type: 9(AUD), nal_ref_idc: 0
[h264 @ 0x55deae160680] nal_unit_type: 6(SEI), nal_ref_idc: 0
[h264 @ 0x55deae160680] nal_unit_type: 1(Coded slice of a non-IDR picture), nal_ref_idc: 3
[out_0_0 @ 0x55deae408a40] EOF on sink link out_0_0:default.
[h264 @ 0x55deae160680] ct_type:0 pic_struct:2
frame=   45 fps= 39 q=-0.0 size=N/A time=00:00:01.61 bitrate=N/A speed=1.39x    No more output streams to write to, finishing.
[aist#0:0/mp2 @ 0x55deae15fcc0] Decoder thread received EOF packet
[aist#0:0/mp2 @ 0x55deae15fcc0] Decoder returned EOF, finishing
[aist#0:0/mp2 @ 0x55deae15fcc0] Terminating decoder thread
[vist#0:2/h264 @ 0x55deae4000c0] Decoder thread received EOF packet
[NULL @ 0x55deae0c2ec0] ct_type:0 pic_struct:1
[vist#0:2/h264 @ 0x55deae4000c0] Decoder returned EOF, finishing
[vist#0:2/h264 @ 0x55deae4000c0] Terminating decoder thread
[out#0/null @ 0x55deae160000] All streams finished
[out#0/null @ 0x55deae160000] Terminating muxer thread
[out#0/null @ 0x55deae160000] Output file #0 (pipe:):
[out#0/null @ 0x55deae160000]   Output stream #0:0 (video): 45 frames encoded; 45 packets muxed (21600 bytes); 
[out#0/null @ 0x55deae160000]   Output stream #0:1 (audio): 62 frames encoded (71424 samples); 62 packets muxed (285696 bytes); 
[out#0/null @ 0x55deae160000]   Total: 107 packets (307296 bytes) muxed
[out#0/null @ 0x55deae160000] video:21kB audio:279kB subtitle:0kB other streams:0kB global headers:0kB muxing overhead: unknown
frame=   45 fps= 39 q=-0.0 Lsize=N/A time=00:00:01.61 bitrate=N/A speed=1.39x    
[in#0/hls @ 0x55deae064d80] Terminating demuxer thread
[in#0/hls @ 0x55deae064d80] Input file #0 (http://138.121.15.230:9002/RCN/index.m3u8):
[in#0/hls @ 0x55deae064d80]   Input stream #0:0 (audio): 70 packets read (53760 bytes); 69 frames decoded; 0 decode errors (79488 samples); 
[in#0/hls @ 0x55deae064d80]   Input stream #0:2 (video): 108 packets read (2001947 bytes); 50 frames decoded; 0 decode errors; 
[in#0/hls @ 0x55deae064d80]   Total: 178 packets (2055707 bytes) demuxed
[AVIOContext @ 0x55deae0a1340] Statistics: 40293 bytes read, 0 seeks
[AVIOContext @ 0x55deae096340] Statistics: 69184 bytes read, 0 seeks
[AVIOContext @ 0x55deae084940] Statistics: 45120 bytes read, 0 seeks
[AVIOContext @ 0x55deae084ec0] Statistics: 0 bytes read, 0 seeks
[AVIOContext @ 0x55deae0db5c0] Statistics: 327770 bytes read, 0 seeks
[AVIOContext @ 0x55deae0dd5c0] Statistics: 1861952 bytes read, 0 seeks
[AVIOContext @ 0x55deae06f480] Statistics: 975 bytes read, 0 seeks
[AVIOContext @ 0x55deae070100] Statistics: 379 bytes read, 0 seeks
