ffmpeg started on 2026-07-09 at 03:35:37
Report written to "ffmpeg-20260709-033537.log"
Log level: 48
Command line:
ffmpeg -i https://nbculocallive.akamaized.net/hls/live/2037098/sandiego/stream1/master.m3u8 -t 7 -f null -
ffmpeg version 6.1.1-3ubuntu5 Copyright (c) 2000-2023 the FFmpeg developers
  built with gcc 13 (Ubuntu 13.2.0-23ubuntu3)
  configuration: --prefix=/usr --extra-version=3ubuntu5 --toolchain=hardened --libdir=/usr/lib/x86_64-linux-gnu --incdir=/usr/include/x86_64-linux-gnu --arch=amd64 --enable-gpl --disable-stripping --disable-omx --enable-gnutls --enable-libaom --enable-libass --enable-libbs2b --enable-libcaca --enable-libcdio --enable-libcodec2 --enable-libdav1d --enable-libflite --enable-libfontconfig --enable-libfreetype --enable-libfribidi --enable-libglslang --enable-libgme --enable-libgsm --enable-libharfbuzz --enable-libmp3lame --enable-libmysofa --enable-libopenjpeg --enable-libopenmpt --enable-libopus --enable-librubberband --enable-libshine --enable-libsnappy --enable-libsoxr --enable-libspeex --enable-libtheora --enable-libtwolame --enable-libvidstab --enable-libvorbis --enable-libvpx --enable-libwebp --enable-libx265 --enable-libxml2 --enable-libxvid --enable-libzimg --enable-openal --enable-opencl --enable-opengl --disable-sndio --enable-libvpl --disable-libmfx --enable-libdc1394 --enable-libdrm --enable-libiec618  libavutil      58. 29.100 / 58. 29.100
  libavcodec     60. 31.102 / 60. 31.102
  libavformat    60. 16.100 / 60. 16.100
  libavdevice    60.  3.100 / 60.  3.100
  libavfilter     9. 12.100 /  9. 12.100
  libswscale      7.  5.100 /  7.  5.100
  libswresample   4. 12.100 /  4. 12.100
  libpostproc    57.  3.100 / 57.  3.100
Splitting the commandline.
Reading option '-i' ... matched as output url with argument 'https://nbculocallive.akamaized.net/hls/live/2037098/sandiego/stream1/master.m3u8'.
Reading option '-t' ... matched as option 't' (record or transcode "duration" seconds of audio/video) with argument '7'.
Reading option '-f' ... matched as option 'f' (force format) with argument 'null'.
Reading option '-' ... matched as output url.
Finished splitting the commandline.
Parsing a group of options: global .
Successfully parsed a group of options.
Parsing a group of options: input url https://nbculocallive.akamaized.net/hls/live/2037098/sandiego/stream1/master.m3u8.
Successfully parsed a group of options.
Opening an input file: https://nbculocallive.akamaized.net/hls/live/2037098/sandiego/stream1/master.m3u8.
[AVFormatContext @ 0x56232d57ae80] Opening 'https://nbculocallive.akamaized.net/hls/live/2037098/sandiego/stream1/master.m3u8' for reading
[https @ 0x56232d57b500] Setting default whitelist 'http,https,tls,rtp,tcp,udp,crypto,httpproxy'
[tcp @ 0x56232d53af40] Original list of addresses:
[tcp @ 0x56232d53af40] Address 23.205.109.85 port 443
[tcp @ 0x56232d53af40] Address 23.205.109.79 port 443
[tcp @ 0x56232d53af40] Address 2600:1405:8400:5::17dc:49b8 port 443
[tcp @ 0x56232d53af40] Address 2600:1405:8400:5::17dc:498a port 443
[tcp @ 0x56232d53af40] Interleaved list of addresses:
[tcp @ 0x56232d53af40] Address 23.205.109.85 port 443
[tcp @ 0x56232d53af40] Address 2600:1405:8400:5::17dc:49b8 port 443
[tcp @ 0x56232d53af40] Address 23.205.109.79 port 443
[tcp @ 0x56232d53af40] Address 2600:1405:8400:5::17dc:498a port 443
[tcp @ 0x56232d53af40] Starting connection attempt to 23.205.109.85 port 443
[tcp @ 0x56232d53af40] Successfully connected to 23.205.109.85 port 443
[https @ 0x56232d57b500] request: GET /hls/live/2037098/sandiego/stream1/master.m3u8 HTTP/1.1
User-Agent: Lavf/60.16.100
Accept: */*
Range: bytes=0-
Connection: close
Host: nbculocallive.akamaized.net
Icy-MetaData: 1


mime type is not rfc8216 compliant
[hls @ 0x56232d57ae80] Format hls probed with size=2048 and score=100
[hls @ 0x56232d57ae80] Skip ('#EXT-X-VERSION:3')
[hls @ 0x56232d57ae80] Skip ('#EXT-X-INDEPENDENT-SEGMENTS')
[hls @ 0x56232d57ae80] Opening 'https://nbculocallive.akamaized.net/hls/live/2037098/sandiego/stream1/master_1080.m3u8' for reading
[tcp @ 0x56232d8b2500] Original list of addresses:
[tcp @ 0x56232d8b2500] Address 23.205.109.85 port 443
[tcp @ 0x56232d8b2500] Address 23.205.109.79 port 443
[tcp @ 0x56232d8b2500] Address 2600:1405:8400:5::17dc:498a port 443
[tcp @ 0x56232d8b2500] Address 2600:1405:8400:5::17dc:49b8 port 443
[tcp @ 0x56232d8b2500] Interleaved list of addresses:
[tcp @ 0x56232d8b2500] Address 23.205.109.85 port 443
[tcp @ 0x56232d8b2500] Address 2600:1405:8400:5::17dc:498a port 443
[tcp @ 0x56232d8b2500] Address 23.205.109.79 port 443
[tcp @ 0x56232d8b2500] Address 2600:1405:8400:5::17dc:49b8 port 443
[tcp @ 0x56232d8b2500] Starting connection attempt to 23.205.109.85 port 443
[tcp @ 0x56232d8b2500] Successfully connected to 23.205.109.85 port 443
[https @ 0x56232d731740] request: GET /hls/live/2037098/sandiego/stream1/master_1080.m3u8 HTTP/1.1
User-Agent: Lavf/60.16.100
Accept: */*
Range: bytes=0-
Connection: keep-alive
Host: nbculocallive.akamaized.net
Icy-MetaData: 1


[https @ 0x56232d731740] HTTP error 404 Not Found
[hls @ 0x56232d57ae80] parse_playlist error Server returned 404 Not Found [https://nbculocallive.akamaized.net/hls/live/2037098/sandiego/stream1/master_1080.m3u8]
[hls @ 0x56232d57ae80] Opening 'https://nbculocallive.akamaized.net/hls/live/2037098/sandiego/stream1/master_720.m3u8' for reading
[tcp @ 0x56232dbddcc0] Original list of addresses:
[tcp @ 0x56232dbddcc0] Address 23.205.109.85 port 443
[tcp @ 0x56232dbddcc0] Address 23.205.109.79 port 443
[tcp @ 0x56232dbddcc0] Address 2600:1405:8400:5::17dc:498a port 443
[tcp @ 0x56232dbddcc0] Address 2600:1405:8400:5::17dc:49b8 port 443
[tcp @ 0x56232dbddcc0] Interleaved list of addresses:
[tcp @ 0x56232dbddcc0] Address 23.205.109.85 port 443
[tcp @ 0x56232dbddcc0] Address 2600:1405:8400:5::17dc:498a port 443
[tcp @ 0x56232dbddcc0] Address 23.205.109.79 port 443
[tcp @ 0x56232dbddcc0] Address 2600:1405:8400:5::17dc:49b8 port 443
[tcp @ 0x56232dbddcc0] Starting connection attempt to 23.205.109.85 port 443
[tcp @ 0x56232dbddcc0] Successfully connected to 23.205.109.85 port 443
[https @ 0x56232dbd3d40] request: GET /hls/live/2037098/sandiego/stream1/master_720.m3u8 HTTP/1.1
User-Agent: Lavf/60.16.100
Accept: */*
Range: bytes=0-
Connection: keep-alive
Host: nbculocallive.akamaized.net
Icy-MetaData: 1


[https @ 0x56232dbd3d40] HTTP error 404 Not Found
[hls @ 0x56232d57ae80] parse_playlist error Server returned 404 Not Found [https://nbculocallive.akamaized.net/hls/live/2037098/sandiego/stream1/master_720.m3u8]
[hls @ 0x56232d57ae80] Opening 'https://nbculocallive.akamaized.net/hls/live/2037098/sandiego/stream1/master_540.m3u8' for reading
[tcp @ 0x56232dbdd900] Original list of addresses:
[tcp @ 0x56232dbdd900] Address 23.205.109.85 port 443
[tcp @ 0x56232dbdd900] Address 23.205.109.79 port 443
[tcp @ 0x56232dbdd900] Address 2600:1405:8400:5::17dc:49b8 port 443
[tcp @ 0x56232dbdd900] Address 2600:1405:8400:5::17dc:498a port 443
[tcp @ 0x56232dbdd900] Interleaved list of addresses:
[tcp @ 0x56232dbdd900] Address 23.205.109.85 port 443
[tcp @ 0x56232dbdd900] Address 2600:1405:8400:5::17dc:49b8 port 443
[tcp @ 0x56232dbdd900] Address 23.205.109.79 port 443
[tcp @ 0x56232dbdd900] Address 2600:1405:8400:5::17dc:498a port 443
[tcp @ 0x56232dbdd900] Starting connection attempt to 23.205.109.85 port 443
[tcp @ 0x56232dbdd900] Successfully connected to 23.205.109.85 port 443
[https @ 0x56232db3fac0] request: GET /hls/live/2037098/sandiego/stream1/master_540.m3u8 HTTP/1.1
User-Agent: Lavf/60.16.100
Accept: */*
Range: bytes=0-
Connection: keep-alive
Host: nbculocallive.akamaized.net
Icy-MetaData: 1


[https @ 0x56232db3fac0] HTTP error 404 Not Found
[hls @ 0x56232d57ae80] parse_playlist error Server returned 404 Not Found [https://nbculocallive.akamaized.net/hls/live/2037098/sandiego/stream1/master_540.m3u8]
[hls @ 0x56232d57ae80] Opening 'https://nbculocallive.akamaized.net/hls/live/2037098/sandiego/stream1/master_360.m3u8' for reading
[tcp @ 0x56232d8b4d40] Original list of addresses:
[tcp @ 0x56232d8b4d40] Address 23.205.109.79 port 443
[tcp @ 0x56232d8b4d40] Address 23.205.109.85 port 443
[tcp @ 0x56232d8b4d40] Address 2600:1405:8400:5::17dc:498a port 443
[tcp @ 0x56232d8b4d40] Address 2600:1405:8400:5::17dc:49b8 port 443
[tcp @ 0x56232d8b4d40] Interleaved list of addresses:
[tcp @ 0x56232d8b4d40] Address 23.205.109.79 port 443
[tcp @ 0x56232d8b4d40] Address 2600:1405:8400:5::17dc:498a port 443
[tcp @ 0x56232d8b4d40] Address 23.205.109.85 port 443
[tcp @ 0x56232d8b4d40] Address 2600:1405:8400:5::17dc:49b8 port 443
[tcp @ 0x56232d8b4d40] Starting connection attempt to 23.205.109.79 port 443
[tcp @ 0x56232d8b4d40] Successfully connected to 23.205.109.79 port 443
[https @ 0x56232dbde8c0] request: GET /hls/live/2037098/sandiego/stream1/master_360.m3u8 HTTP/1.1
User-Agent: Lavf/60.16.100
Accept: */*
Range: bytes=0-
Connection: keep-alive
Host: nbculocallive.akamaized.net
Icy-MetaData: 1


[https @ 0x56232dbde8c0] HTTP error 404 Not Found
[hls @ 0x56232d57ae80] parse_playlist error Server returned 404 Not Found [https://nbculocallive.akamaized.net/hls/live/2037098/sandiego/stream1/master_360.m3u8]
[hls @ 0x56232d57ae80] Opening 'https://nbculocallive.akamaized.net/hls/live/2037098/sandiego/stream1/master_240.m3u8' for reading
[tcp @ 0x56232d8b4d40] Original list of addresses:
[tcp @ 0x56232d8b4d40] Address 23.205.109.79 port 443
[tcp @ 0x56232d8b4d40] Address 23.205.109.85 port 443
[tcp @ 0x56232d8b4d40] Address 2600:1405:8400:5::17dc:49b8 port 443
[tcp @ 0x56232d8b4d40] Address 2600:1405:8400:5::17dc:498a port 443
[tcp @ 0x56232d8b4d40] Interleaved list of addresses:
[tcp @ 0x56232d8b4d40] Address 23.205.109.79 port 443
[tcp @ 0x56232d8b4d40] Address 2600:1405:8400:5::17dc:49b8 port 443
[tcp @ 0x56232d8b4d40] Address 23.205.109.85 port 443
[tcp @ 0x56232d8b4d40] Address 2600:1405:8400:5::17dc:498a port 443
[tcp @ 0x56232d8b4d40] Starting connection attempt to 23.205.109.79 port 443
[tcp @ 0x56232d8b4d40] Successfully connected to 23.205.109.79 port 443
[https @ 0x56232dac1380] request: GET /hls/live/2037098/sandiego/stream1/master_240.m3u8 HTTP/1.1
User-Agent: Lavf/60.16.100
Accept: */*
Range: bytes=0-
Connection: keep-alive
Host: nbculocallive.akamaized.net
Icy-MetaData: 1


[https @ 0x56232dac1380] HTTP error 404 Not Found
[hls @ 0x56232d57ae80] parse_playlist error Server returned 404 Not Found [https://nbculocallive.akamaized.net/hls/live/2037098/sandiego/stream1/master_240.m3u8]
[hls @ 0x56232d57ae80] Empty segment [https://nbculocallive.akamaized.net/hls/live/2037098/sandiego/stream1/master_1080.m3u8]
[hls @ 0x56232d57ae80] Empty segment [https://nbculocallive.akamaized.net/hls/live/2037098/sandiego/stream1/master_720.m3u8]
[hls @ 0x56232d57ae80] Empty segment [https://nbculocallive.akamaized.net/hls/live/2037098/sandiego/stream1/master_540.m3u8]
[hls @ 0x56232d57ae80] Empty segment [https://nbculocallive.akamaized.net/hls/live/2037098/sandiego/stream1/master_360.m3u8]
[hls @ 0x56232d57ae80] Empty segment [https://nbculocallive.akamaized.net/hls/live/2037098/sandiego/stream1/master_240.m3u8]
[hls @ 0x56232d57ae80] Before avformat_find_stream_info() pos: 782 bytes read:782 seeks:0 nb_streams:0
[hls @ 0x56232d57ae80] All info found
[hls @ 0x56232d57ae80] After avformat_find_stream_info() pos: 782 bytes read:782 seeks:0 frames:0
Input #0, hls, from 'https://nbculocallive.akamaized.net/hls/live/2037098/sandiego/stream1/master.m3u8':
  Duration: N/A, bitrate: N/A
  Program 0 
    Metadata:
      variant_bitrate : 4835006
  Program 1 
    Metadata:
      variant_bitrate : 3141204
  Program 2 
    Metadata:
      variant_bitrate : 1926962
  Program 3 
    Metadata:
      variant_bitrate : 813907
  Program 4 
    Metadata:
      variant_bitrate : 510347
Successfully opened the file.
Parsing a group of options: output url -.
Applying option t (record or transcode "duration" seconds of audio/video) with argument 7.
Applying option f (force format) with argument null.
Successfully parsed a group of options.
Opening an output file: -.
[out#0/null @ 0x56232da9bd80] No explicit maps, mapping streams automatically...
Output #0, null, to 'pipe:':
[out#0/null @ 0x56232da9bd80] Output file does not contain any stream
Error opening output file -.
Error opening output files: Invalid argument
[AVIOContext @ 0x56232d8b1580] Statistics: 782 bytes read, 0 seeks
