ffmpeg started on 2026-07-09 at 03:35:36
Report written to "ffmpeg-20260709-033536.log"
Log level: 48
Command line:
ffmpeg -i http://45.189.62.33:8002/play/a0fm/index.m3u8 -t 7 -f null -
ffmpeg version 6.1.1-3ubuntu5 Copyright (c) 2000-2023 the FFmpeg developers
  built with gcc 13 (Ubuntu 13.2.0-23ubuntu3)
  configuration: --prefix=/usr --extra-version=3ubuntu5 --toolchain=hardened --libdir=/usr/lib/x86_64-linux-gnu --incdir=/usr/include/x86_64-linux-gnu --arch=amd64 --enable-gpl --disable-stripping --disable-omx --enable-gnutls --enable-libaom --enable-libass --enable-libbs2b --enable-libcaca --enable-libcdio --enable-libcodec2 --enable-libdav1d --enable-libflite --enable-libfontconfig --enable-libfreetype --enable-libfribidi --enable-libglslang --enable-libgme --enable-libgsm --enable-libharfbuzz --enable-libmp3lame --enable-libmysofa --enable-libopenjpeg --enable-libopenmpt --enable-libopus --enable-librubberband --enable-libshine --enable-libsnappy --enable-libsoxr --enable-libspeex --enable-libtheora --enable-libtwolame --enable-libvidstab --enable-libvorbis --enable-libvpx --enable-libwebp --enable-libx265 --enable-libxml2 --enable-libxvid --enable-libzimg --enable-openal --enable-opencl --enable-opengl --disable-sndio --enable-libvpl --disable-libmfx --enable-libdc1394 --enable-libdrm --enable-libiec618  libavutil      58. 29.100 / 58. 29.100
  libavcodec     60. 31.102 / 60. 31.102
  libavformat    60. 16.100 / 60. 16.100
  libavdevice    60.  3.100 / 60.  3.100
  libavfilter     9. 12.100 /  9. 12.100
  libswscale      7.  5.100 /  7.  5.100
  libswresample   4. 12.100 /  4. 12.100
  libpostproc    57.  3.100 / 57.  3.100
Splitting the commandline.
Reading option '-i' ... matched as output url with argument 'http://45.189.62.33:8002/play/a0fm/index.m3u8'.
Reading option '-t' ... matched as option 't' (record or transcode "duration" seconds of audio/video) with argument '7'.
Reading option '-f' ... matched as option 'f' (force format) with argument 'null'.
Reading option '-' ... matched as output url.
Finished splitting the commandline.
Parsing a group of options: global .
Successfully parsed a group of options.
Parsing a group of options: input url http://45.189.62.33:8002/play/a0fm/index.m3u8.
Successfully parsed a group of options.
Opening an input file: http://45.189.62.33:8002/play/a0fm/index.m3u8.
[AVFormatContext @ 0x5597ce10ee80] Opening 'http://45.189.62.33:8002/play/a0fm/index.m3u8' for reading
[http @ 0x5597ce10f4c0] Setting default whitelist 'http,https,tls,rtp,tcp,udp,crypto,httpproxy,data'
[tcp @ 0x5597ce111f80] Original list of addresses:
[tcp @ 0x5597ce111f80] Address 45.189.62.33 port 8002
[tcp @ 0x5597ce111f80] Interleaved list of addresses:
[tcp @ 0x5597ce111f80] Address 45.189.62.33 port 8002
[tcp @ 0x5597ce111f80] Starting connection attempt to 45.189.62.33 port 8002
[tcp @ 0x5597ce111f80] Successfully connected to 45.189.62.33 port 8002
[http @ 0x5597ce10f4c0] request: GET /play/a0fm/index.m3u8 HTTP/1.1
User-Agent: Lavf/60.16.100
Accept: */*
Range: bytes=0-
Connection: close
Host: 45.189.62.33:8002
Icy-MetaData: 1


[hls @ 0x5597ce10ee80] Format hls probed with size=2048 and score=100
[hls @ 0x5597ce10ee80] Opening 'http://45.189.62.33:8002/play/a0fm/36653765.m3u8' for reading
[tcp @ 0x5597ce117540] Original list of addresses:
[tcp @ 0x5597ce117540] Address 45.189.62.33 port 8002
[tcp @ 0x5597ce117540] Interleaved list of addresses:
[tcp @ 0x5597ce117540] Address 45.189.62.33 port 8002
[tcp @ 0x5597ce117540] Starting connection attempt to 45.189.62.33 port 8002
[tcp @ 0x5597ce117540] Successfully connected to 45.189.62.33 port 8002
[http @ 0x5597ce114840] request: GET /play/a0fm/36653765.m3u8 HTTP/1.1
User-Agent: Lavf/60.16.100
Accept: */*
Range: bytes=0-
Connection: keep-alive
Host: 45.189.62.33:8002
Icy-MetaData: 1


[hls @ 0x5597ce10ee80] Skip ('#EXT-X-VERSION:3')
[hls @ 0x5597ce10ee80] HLS request for url 'http://45.189.62.33:8002/play/a0fm/205731311_4931.ts', offset 0, playlist 0
[hls @ 0x5597ce10ee80] Opening 'http://45.189.62.33:8002/play/a0fm/205731311_4931.ts' for reading
[tcp @ 0x5597ce120c80] Original list of addresses:
[tcp @ 0x5597ce120c80] Address 45.189.62.33 port 8002
[tcp @ 0x5597ce120c80] Interleaved list of addresses:
[tcp @ 0x5597ce120c80] Address 45.189.62.33 port 8002
[tcp @ 0x5597ce120c80] Starting connection attempt to 45.189.62.33 port 8002
[tcp @ 0x5597ce120c80] Successfully connected to 45.189.62.33 port 8002
[http @ 0x5597ce120940] request: GET /play/a0fm/205731311_4931.ts HTTP/1.1
User-Agent: Lavf/60.16.100
Accept: */*
Range: bytes=0-
Connection: keep-alive
Host: 45.189.62.33:8002
Icy-MetaData: 1


[hls @ 0x5597ce10ee80] HLS request for url 'http://45.189.62.33:8002/play/a0fm/205731321_ec27.ts', offset 0, playlist 0
[hls @ 0x5597ce10ee80] Opening 'http://45.189.62.33:8002/play/a0fm/205731321_ec27.ts' for reading
[tcp @ 0x5597ce1212c0] Original list of addresses:
[tcp @ 0x5597ce1212c0] Address 45.189.62.33 port 8002
[tcp @ 0x5597ce1212c0] Interleaved list of addresses:
[tcp @ 0x5597ce1212c0] Address 45.189.62.33 port 8002
[tcp @ 0x5597ce1212c0] Starting connection attempt to 45.189.62.33 port 8002
[tcp @ 0x5597ce1212c0] Successfully connected to 45.189.62.33 port 8002
[http @ 0x5597ce120fc0] request: GET /play/a0fm/205731321_ec27.ts HTTP/1.1
User-Agent: Lavf/60.16.100
Accept: */*
Range: bytes=0-
Connection: keep-alive
Host: 45.189.62.33:8002
Icy-MetaData: 1


Format mpegts probed with size=2048 and score=50
[mpegts @ 0x5597ce117c00] stream=0 stream_type=2 pid=1e22 prog_reg_desc=
[mpegts @ 0x5597ce117c00] stream=1 stream_type=4 pid=1e23 prog_reg_desc=
[hls @ 0x5597ce10ee80] Before avformat_find_stream_info() pos: 132 bytes read:132 seeks:0 nb_streams:2
[mpegts @ 0x5597ce117c00] All programs have pmt, headers found
[mpeg2video @ 0x5597ce16cdc0] Invalid frame dimensions 0x0.
[mpeg2video @ 0x5597ce16cdc0] Invalid frame dimensions 0x0.
[mpeg2video @ 0x5597ce16cdc0] Invalid frame dimensions 0x0.
[mpeg2video @ 0x5597ce16cdc0] Invalid frame dimensions 0x0.
[mpeg2video @ 0x5597ce16cdc0] Invalid frame dimensions 0x0.
[mpegts @ 0x5597ce117c00] probing stream 1 pp:2500
[mpegts @ 0x5597ce117c00] Probe with size=2880, packets=1 detected mp3 with score=25
[mpegts @ 0x5597ce117c00] probed stream 1
[hls @ 0x5597ce10ee80] Demuxer context update while decoder is open, closing and trying to re-open
[mpeg2video @ 0x5597ce16cdc0] Invalid frame dimensions 0x0.
[mpeg2video @ 0x5597ce16cdc0] Invalid frame dimensions 0x0.
[mpeg2video @ 0x5597ce16cdc0] Invalid frame dimensions 0x0.
[mpeg2video @ 0x5597ce16cdc0] Invalid frame dimensions 0x0.
[mpeg2video @ 0x5597ce16cdc0] Invalid frame dimensions 0x0.
[mpeg2video @ 0x5597ce16cdc0] Invalid frame dimensions 0x0.
[mpeg2video @ 0x5597ce16cdc0] Invalid frame dimensions 0x0.
[mpeg2video @ 0x5597ce16cdc0] Invalid frame dimensions 0x0.
[mpeg2video @ 0x5597ce16cdc0] Invalid frame dimensions 0x0.
[mpeg2video @ 0x5597ce16cdc0] Invalid frame dimensions 0x0.
[mpeg2video @ 0x5597ce16cdc0] Invalid frame dimensions 0x0.
[mpeg2video @ 0x5597ce16cdc0] Invalid frame dimensions 0x0.
[mpeg2video @ 0x5597ce16cdc0] Invalid frame dimensions 0x0.
[mpeg2video @ 0x5597ce16cdc0] Invalid frame dimensions 0x0.
[mpeg2video @ 0x5597ce16cdc0] Invalid frame dimensions 0x0.
[mpeg2video @ 0x5597ce16cdc0] Invalid frame dimensions 0x0.
[mpeg2video @ 0x5597ce16cdc0] Format yuv420p chosen by get_format().
[hls @ 0x5597ce10ee80] All info found
[hls @ 0x5597ce10ee80] rfps: 36.000000 0.010031
[hls @ 0x5597ce10ee80] rfps: 60.000000 0.000230
[hls @ 0x5597ce10ee80] rfps: 60.000000 0.000230
[hls @ 0x5597ce10ee80] rfps: 120.000000 0.000919
[hls @ 0x5597ce10ee80] rfps: 120.000000 0.000919
[hls @ 0x5597ce10ee80] rfps: 240.000000 0.003674
[hls @ 0x5597ce10ee80] rfps: 59.940060 0.000000
[hls @ 0x5597ce10ee80] rfps: 59.940060 0.000000
[hls @ 0x5597ce10ee80] After avformat_find_stream_info() pos: 132 bytes read:132 seeks:0 frames:64
Input #0, hls, from 'http://45.189.62.33:8002/play/a0fm/index.m3u8':
  Duration: N/A, start: 57079.064078, bitrate: N/A
  Program 0 
    Metadata:
      variant_bitrate : 2301000
  Stream #0:0, 22, 1/90000: Video: mpeg2video (Main) ([2][0][0][0] / 0x0002), yuv420p(tv), 544x480 [SAR 20:17 DAR 4:3], 29.97 fps, 59.94 tbr, 90k tbn
    Metadata:
      variant_bitrate : 2301000
    Side data:
      cpb: bitrate max/min/avg: 5853600/0/0 buffer size: 1835008 vbv_delay: N/A
  Stream #0:1(esl), 42, 1/90000: Audio: mp2 ([4][0][0][0] / 0x0004), 48000 Hz, stereo, s16p, 160 kb/s
    Metadata:
      variant_bitrate : 2301000
Successfully opened the file.
Parsing a group of options: output url -.
Applying option t (record or transcode "duration" seconds of audio/video) with argument 7.
Applying option f (force format) with argument null.
Successfully parsed a group of options.
Opening an output file: -.
[out#0/null @ 0x5597ce11cbc0] No explicit maps, mapping streams automatically...
[vost#0:0/wrapped_avframe @ 0x5597ce1bd6c0] Created video stream from input stream 0:0
detected 4 logical cores
[aost#0:1/pcm_s16le @ 0x5597ce18a700] Created audio stream from input stream 0:1
Successfully opened the file.
Stream mapping:
  Stream #0:0 -> #0:0 (mpeg2video (native) -> wrapped_avframe (native))
  Stream #0:1 -> #0:1 (mp2 (native) -> pcm_s16le (native))
Press [q] to stop, [?] for help
[mpeg2video @ 0x5597ce181b40] Format yuv420p chosen by get_format().
[mpeg2video @ 0x5597ce181b40] Skipping P slice due to !sync
[mpeg2video @ 0x5597ce181b40] Skipping P slice due to !sync
[mpeg2video @ 0x5597ce181b40] Skipping P slice due to !sync
[mpeg2video @ 0x5597ce181b40] Skipping P slice due to !sync
[mpeg2video @ 0x5597ce181b40] Skipping P slice due to !sync
[mpeg2video @ 0x5597ce181b40] Skipping P slice due to !sync
[mpeg2video @ 0x5597ce181b40] Skipping P slice due to !sync
[mpeg2video @ 0x5597ce181b40] Skipping P slice due to !sync
[mpeg2video @ 0x5597ce181b40] Skipping P slice due to !sync
[mpeg2video @ 0x5597ce181b40] Skipping P slice due to !sync
[mpeg2video @ 0x5597ce181b40] Skipping P slice due to !sync
[mpeg2video @ 0x5597ce181b40] Skipping P slice due to !sync
[mpeg2video @ 0x5597ce181b40] Skipping P slice due to !sync
[mpeg2video @ 0x5597ce181b40] Skipping P slice due to !sync
[mpeg2video @ 0x5597ce181b40] Skipping P slice due to !sync
[mpeg2video @ 0x5597ce181b40] Skipping P slice due to !sync
[mpeg2video @ 0x5597ce181b40] Skipping P slice due to !sync
[mpeg2video @ 0x5597ce181b40] Skipping P slice due to !sync
[mpeg2video @ 0x5597ce181b40] Skipping P slice due to !sync
[mpeg2video @ 0x5597ce181b40] Skipping P slice due to !sync
[mpeg2video @ 0x5597ce181b40] Skipping P slice due to !sync
[mpeg2video @ 0x5597ce181b40] Skipping P slice due to !sync
[mpeg2video @ 0x5597ce181b40] Skipping P slice due to !sync
[mpeg2video @ 0x5597ce181b40] Skipping P slice due to !sync
[mpeg2video @ 0x5597ce181b40] Skipping P slice due to !sync
[mpeg2video @ 0x5597ce181b40] Skipping P slice due to !sync
[mpeg2video @ 0x5597ce181b40] Skipping P slice due to !sync
[mpeg2video @ 0x5597ce181b40] Skipping P slice due to !sync
[mpeg2video @ 0x5597ce181b40] Skipping P slice due to !sync
[mpeg2video @ 0x5597ce181b40] Skipping P slice due to !sync
[mpeg2video @ 0x5597ce181b40] Skipping B slice due to open GOP
[mpeg2video @ 0x5597ce181b40] Skipping B slice due to open GOP
[mpeg2video @ 0x5597ce181b40] Skipping B slice due to open GOP
[mpeg2video @ 0x5597ce181b40] Skipping B slice due to open GOP
[mpeg2video @ 0x5597ce181b40] Skipping B slice due to open GOP
[mpeg2video @ 0x5597ce181b40] Skipping B slice due to open GOP
[mpeg2video @ 0x5597ce181b40] Skipping B slice due to open GOP
[mpeg2video @ 0x5597ce181b40] Skipping B slice due to open GOP
[mpeg2video @ 0x5597ce181b40] Skipping B slice due to open GOP
[mpeg2video @ 0x5597ce181b40] Skipping B slice due to open GOP
[mpeg2video @ 0x5597ce181b40] Skipping B slice due to open GOP
[mpeg2video @ 0x5597ce181b40] Skipping B slice due to open GOP
[mpeg2video @ 0x5597ce181b40] Skipping B slice due to open GOP
[mpeg2video @ 0x5597ce181b40] Skipping B slice due to open GOP
[mpeg2video @ 0x5597ce181b40] Skipping B slice due to open GOP
[mpeg2video @ 0x5597ce181b40] Skipping B slice due to open GOP
[mpeg2video @ 0x5597ce181b40] Skipping B slice due to open GOP
[mpeg2video @ 0x5597ce181b40] Skipping B slice due to open GOP
[mpeg2video @ 0x5597ce181b40] Skipping B slice due to open GOP
[mpeg2video @ 0x5597ce181b40] Skipping B slice due to open GOP
[mpeg2video @ 0x5597ce181b40] Skipping B slice due to open GOP
[mpeg2video @ 0x5597ce181b40] Skipping B slice due to open GOP
[mpeg2video @ 0x5597ce181b40] Skipping B slice due to open GOP
[mpeg2video @ 0x5597ce181b40] Skipping B slice due to open GOP
[mpeg2video @ 0x5597ce181b40] Skipping B slice due to open GOP
[mpeg2video @ 0x5597ce181b40] Skipping B slice due to open GOP
[mpeg2video @ 0x5597ce181b40] Skipping B slice due to open GOP
[mpeg2video @ 0x5597ce181b40] Skipping B slice due to open GOP
[mpeg2video @ 0x5597ce181b40] Skipping B slice due to open GOP
[mpeg2video @ 0x5597ce181b40] Skipping B slice due to open GOP
[mpeg2video @ 0x5597ce181b40] Skipping B slice due to open GOP
[mpeg2video @ 0x5597ce181b40] Skipping B slice due to open GOP
[mpeg2video @ 0x5597ce181b40] Skipping B slice due to open GOP
[mpeg2video @ 0x5597ce181b40] Skipping B slice due to open GOP
[mpeg2video @ 0x5597ce181b40] Skipping B slice due to open GOP
[mpeg2video @ 0x5597ce181b40] Skipping B slice due to open GOP
[mpeg2video @ 0x5597ce181b40] Skipping B slice due to open GOP
[mpeg2video @ 0x5597ce181b40] Skipping B slice due to open GOP
[mpeg2video @ 0x5597ce181b40] Skipping B slice due to open GOP
[mpeg2video @ 0x5597ce181b40] Skipping B slice due to open GOP
[mpeg2video @ 0x5597ce181b40] Skipping B slice due to open GOP
[mpeg2video @ 0x5597ce181b40] Skipping B slice due to open GOP
[mpeg2video @ 0x5597ce181b40] Skipping B slice due to open GOP
[mpeg2video @ 0x5597ce181b40] Skipping B slice due to open GOP
[mpeg2video @ 0x5597ce181b40] Skipping B slice due to open GOP
[mpeg2video @ 0x5597ce181b40] Skipping B slice due to open GOP
[mpeg2video @ 0x5597ce181b40] Skipping B slice due to open GOP
[mpeg2video @ 0x5597ce181b40] Skipping B slice due to open GOP
[mpeg2video @ 0x5597ce181b40] Skipping B slice due to open GOP
[mpeg2video @ 0x5597ce181b40] Skipping B slice due to open GOP
[mpeg2video @ 0x5597ce181b40] Skipping B slice due to open GOP
[mpeg2video @ 0x5597ce181b40] Skipping B slice due to open GOP
[mpeg2video @ 0x5597ce181b40] Skipping B slice due to open GOP
[mpeg2video @ 0x5597ce181b40] Skipping B slice due to open GOP
[mpeg2video @ 0x5597ce181b40] Skipping B slice due to open GOP
[mpeg2video @ 0x5597ce181b40] Skipping B slice due to open GOP
[mpeg2video @ 0x5597ce181b40] Skipping B slice due to open GOP
[mpeg2video @ 0x5597ce181b40] Skipping B slice due to open GOP
[mpeg2video @ 0x5597ce181b40] Skipping B slice due to open GOP
[mpeg2video @ 0x5597ce181b40] Skipping B slice due to open GOP
[mpeg2video @ 0x5597ce181b40] Skipping P slice due to !sync
[mpeg2video @ 0x5597ce181b40] Skipping P slice due to !sync
[mpeg2video @ 0x5597ce181b40] Skipping P slice due to !sync
[mpeg2video @ 0x5597ce181b40] Skipping P slice due to !sync
[mpeg2video @ 0x5597ce181b40] Skipping P slice due to !sync
[mpeg2video @ 0x5597ce181b40] Skipping P slice due to !sync
[mpeg2video @ 0x5597ce181b40] Skipping P slice due to !sync
[mpeg2video @ 0x5597ce181b40] Skipping P slice due to !sync
[mpeg2video @ 0x5597ce181b40] Skipping P slice due to !sync
[mpeg2video @ 0x5597ce181b40] Skipping P slice due to !sync
[mpeg2video @ 0x5597ce181b40] Skipping P slice due to !sync
[mpeg2video @ 0x5597ce181b40] Skipping P slice due to !sync
[mpeg2video @ 0x5597ce181b40] Skipping P slice due to !sync
[mpeg2video @ 0x5597ce181b40] Skipping P slice due to !sync
[mpeg2video @ 0x5597ce181b40] Skipping P slice due to !sync
[mpeg2video @ 0x5597ce181b40] Skipping P slice due to !sync
[mpeg2video @ 0x5597ce181b40] Skipping P slice due to !sync
[mpeg2video @ 0x5597ce181b40] Skipping P slice due to !sync
[mpeg2video @ 0x5597ce181b40] Skipping P slice due to !sync
[mpeg2video @ 0x5597ce181b40] Skipping P slice due to !sync
[mpeg2video @ 0x5597ce181b40] Skipping P slice due to !sync
[mpeg2video @ 0x5597ce181b40] Skipping P slice due to !sync
[mpeg2video @ 0x5597ce181b40] Skipping P slice due to !sync
[mpeg2video @ 0x5597ce181b40] Skipping P slice due to !sync
[mpeg2video @ 0x5597ce181b40] Skipping P slice due to !sync
[mpeg2video @ 0x5597ce181b40] Skipping P slice due to !sync
[mpeg2video @ 0x5597ce181b40] Skipping P slice due to !sync
[mpeg2video @ 0x5597ce181b40] Skipping P slice due to !sync
[mpeg2video @ 0x5597ce181b40] Skipping P slice due to !sync
[mpeg2video @ 0x5597ce181b40] Skipping P slice due to !sync
[mpeg2video @ 0x5597ce181b40] Skipping B slice due to open GOP
[mpeg2video @ 0x5597ce181b40] Skipping B slice due to open GOP
[mpeg2video @ 0x5597ce181b40] Skipping B slice due to open GOP
[mpeg2video @ 0x5597ce181b40] Skipping B slice due to open GOP
[mpeg2video @ 0x5597ce181b40] Skipping B slice due to open GOP
[mpeg2video @ 0x5597ce181b40] Skipping B slice due to open GOP
[mpeg2video @ 0x5597ce181b40] Skipping B slice due to open GOP
[mpeg2video @ 0x5597ce181b40] Skipping B slice due to open GOP
[mpeg2video @ 0x5597ce181b40] Skipping B slice due to open GOP
[mpeg2video @ 0x5597ce181b40] Skipping B slice due to open GOP
[mpeg2video @ 0x5597ce181b40] Skipping B slice due to open GOP
[mpeg2video @ 0x5597ce181b40] Skipping B slice due to open GOP
[mpeg2video @ 0x5597ce181b40] Skipping B slice due to open GOP
[mpeg2video @ 0x5597ce181b40] Skipping B slice due to open GOP
[mpeg2video @ 0x5597ce181b40] Skipping B slice due to open GOP
[mpeg2video @ 0x5597ce181b40] Skipping B slice due to open GOP
[mpeg2video @ 0x5597ce181b40] Skipping B slice due to open GOP
[mpeg2video @ 0x5597ce181b40] Skipping B slice due to open GOP
[mpeg2video @ 0x5597ce181b40] Skipping B slice due to open GOP
[mpeg2video @ 0x5597ce181b40] Skipping B slice due to open GOP
[mpeg2video @ 0x5597ce181b40] Skipping B slice due to open GOP
[mpeg2video @ 0x5597ce181b40] Skipping B slice due to open GOP
[mpeg2video @ 0x5597ce181b40] Skipping B slice due to open GOP
[mpeg2video @ 0x5597ce181b40] Skipping B slice due to open GOP
[mpeg2video @ 0x5597ce181b40] Skipping B slice due to open GOP
[mpeg2video @ 0x5597ce181b40] Skipping B slice due to open GOP
[mpeg2video @ 0x5597ce181b40] Skipping B slice due to open GOP
[mpeg2video @ 0x5597ce181b40] Skipping B slice due to open GOP
[mpeg2video @ 0x5597ce181b40] Skipping B slice due to open GOP
[mpeg2video @ 0x5597ce181b40] Skipping B slice due to open GOP
[graph_1_in_0_1 @ 0x5597ce11fec0] Setting 'time_base' to value '1/48000'
[graph_1_in_0_1 @ 0x5597ce11fec0] Setting 'sample_rate' to value '48000'
[graph_1_in_0_1 @ 0x5597ce11fec0] Setting 'sample_fmt' to value 's16p'
[graph_1_in_0_1 @ 0x5597ce11fec0] Setting 'channel_layout' to value 'stereo'
[graph_1_in_0_1 @ 0x5597ce11fec0] tb:1/48000 samplefmt:s16p samplerate:48000 chlayout:stereo
[format_out_0_1 @ 0x5597ce18cb40] Setting 'sample_fmts' to value 's16'
[format_out_0_1 @ 0x5597ce18cb40] auto-inserting filter 'auto_aresample_0' between the filter 'Parsed_anull_0' and the filter 'format_out_0_1'
[AVFilterGraph @ 0x5597ce182f00] query_formats: 5 queried, 6 merged, 7 already done, 0 delayed
[auto_aresample_0 @ 0x5597ce11b840] [SWR @ 0x5597ce1c8340] Using s16p internally between filters
[auto_aresample_0 @ 0x5597ce11b840] ch:2 chl:stereo fmt:s16p r:48000Hz -> ch:2 chl:stereo fmt:s16 r:48000Hz
[mpeg2video @ 0x5597ce181b40] Skipping B slice due to open GOP
[mpeg2video @ 0x5597ce181b40] Skipping B slice due to open GOP
[mpeg2video @ 0x5597ce181b40] Skipping B slice due to open GOP
[mpeg2video @ 0x5597ce181b40] Skipping B slice due to open GOP
[mpeg2video @ 0x5597ce181b40] Skipping B slice due to open GOP
[mpeg2video @ 0x5597ce181b40] Skipping B slice due to open GOP
[mpeg2video @ 0x5597ce181b40] Skipping B slice due to open GOP
[mpeg2video @ 0x5597ce181b40] Skipping B slice due to open GOP
[mpeg2video @ 0x5597ce181b40] Skipping B slice due to open GOP
[mpeg2video @ 0x5597ce181b40] Skipping B slice due to open GOP
[mpeg2video @ 0x5597ce181b40] Skipping B slice due to open GOP
[mpeg2video @ 0x5597ce181b40] Skipping B slice due to open GOP
[mpeg2video @ 0x5597ce181b40] Skipping B slice due to open GOP
[mpeg2video @ 0x5597ce181b40] Skipping B slice due to open GOP
[mpeg2video @ 0x5597ce181b40] Skipping B slice due to open GOP
[mpeg2video @ 0x5597ce181b40] Skipping B slice due to open GOP
[mpeg2video @ 0x5597ce181b40] Skipping B slice due to open GOP
[mpeg2video @ 0x5597ce181b40] Skipping B slice due to open GOP
[mpeg2video @ 0x5597ce181b40] Skipping B slice due to open GOP
[mpeg2video @ 0x5597ce181b40] Skipping B slice due to open GOP
[mpeg2video @ 0x5597ce181b40] Skipping B slice due to open GOP
[mpeg2video @ 0x5597ce181b40] Skipping B slice due to open GOP
[mpeg2video @ 0x5597ce181b40] Skipping B slice due to open GOP
[mpeg2video @ 0x5597ce181b40] Skipping B slice due to open GOP
[mpeg2video @ 0x5597ce181b40] Skipping B slice due to open GOP
[mpeg2video @ 0x5597ce181b40] Skipping B slice due to open GOP
[mpeg2video @ 0x5597ce181b40] Skipping B slice due to open GOP
[mpeg2video @ 0x5597ce181b40] Skipping B slice due to open GOP
[mpeg2video @ 0x5597ce181b40] Skipping B slice due to open GOP
[mpeg2video @ 0x5597ce181b40] Skipping B slice due to open GOP
[mpeg2video @ 0x5597ce181b40] Skipping P slice due to !sync
[mpeg2video @ 0x5597ce181b40] Skipping P slice due to !sync
[mpeg2video @ 0x5597ce181b40] Skipping P slice due to !sync
[mpeg2video @ 0x5597ce181b40] Skipping P slice due to !sync
[mpeg2video @ 0x5597ce181b40] Skipping P slice due to !sync
[mpeg2video @ 0x5597ce181b40] Skipping P slice due to !sync
[mpeg2video @ 0x5597ce181b40] Skipping P slice due to !sync
[mpeg2video @ 0x5597ce181b40] Skipping P slice due to !sync
[mpeg2video @ 0x5597ce181b40] Skipping P slice due to !sync
[mpeg2video @ 0x5597ce181b40] Skipping P slice due to !sync
[mpeg2video @ 0x5597ce181b40] Skipping P slice due to !sync
[mpeg2video @ 0x5597ce181b40] Skipping P slice due to !sync
[mpeg2video @ 0x5597ce181b40] Skipping P slice due to !sync
[mpeg2video @ 0x5597ce181b40] Skipping P slice due to !sync
[mpeg2video @ 0x5597ce181b40] Skipping P slice due to !sync
[mpeg2video @ 0x5597ce181b40] Skipping P slice due to !sync
[mpeg2video @ 0x5597ce181b40] Skipping P slice due to !sync
[mpeg2video @ 0x5597ce181b40] Skipping P slice due to !sync
[mpeg2video @ 0x5597ce181b40] Skipping P slice due to !sync
[mpeg2video @ 0x5597ce181b40] Skipping P slice due to !sync
[mpeg2video @ 0x5597ce181b40] Skipping P slice due to !sync
[mpeg2video @ 0x5597ce181b40] Skipping P slice due to !sync
[mpeg2video @ 0x5597ce181b40] Skipping P slice due to !sync
[mpeg2video @ 0x5597ce181b40] Skipping P slice due to !sync
[mpeg2video @ 0x5597ce181b40] Skipping P slice due to !sync
[mpeg2video @ 0x5597ce181b40] Skipping P slice due to !sync
[mpeg2video @ 0x5597ce181b40] Skipping P slice due to !sync
[mpeg2video @ 0x5597ce181b40] Skipping P slice due to !sync
[mpeg2video @ 0x5597ce181b40] Skipping P slice due to !sync
[mpeg2video @ 0x5597ce181b40] Skipping P slice due to !sync
[mpeg2video @ 0x5597ce181b40] Skipping B slice due to open GOP
[mpeg2video @ 0x5597ce181b40] Skipping B slice due to open GOP
[mpeg2video @ 0x5597ce181b40] Skipping B slice due to open GOP
[mpeg2video @ 0x5597ce181b40] Skipping B slice due to open GOP
[mpeg2video @ 0x5597ce181b40] Skipping B slice due to open GOP
[mpeg2video @ 0x5597ce181b40] Skipping B slice due to open GOP
[mpeg2video @ 0x5597ce181b40] Skipping B slice due to open GOP
[mpeg2video @ 0x5597ce181b40] Skipping B slice due to open GOP
[mpeg2video @ 0x5597ce181b40] Skipping B slice due to open GOP
[mpeg2video @ 0x5597ce181b40] Skipping B slice due to open GOP
[mpeg2video @ 0x5597ce181b40] Skipping B slice due to open GOP
[mpeg2video @ 0x5597ce181b40] Skipping B slice due to open GOP
[mpeg2video @ 0x5597ce181b40] Skipping B slice due to open GOP
[mpeg2video @ 0x5597ce181b40] Skipping B slice due to open GOP
[mpeg2video @ 0x5597ce181b40] Skipping B slice due to open GOP
[mpeg2video @ 0x5597ce181b40] Skipping B slice due to open GOP
[mpeg2video @ 0x5597ce181b40] Skipping B slice due to open GOP
[mpeg2video @ 0x5597ce181b40] Skipping B slice due to open GOP
[mpeg2video @ 0x5597ce181b40] Skipping B slice due to open GOP
[mpeg2video @ 0x5597ce181b40] Skipping B slice due to open GOP
[mpeg2video @ 0x5597ce181b40] Skipping B slice due to open GOP
[mpeg2video @ 0x5597ce181b40] Skipping B slice due to open GOP
[mpeg2video @ 0x5597ce181b40] Skipping B slice due to open GOP
[mpeg2video @ 0x5597ce181b40] Skipping B slice due to open GOP
[mpeg2video @ 0x5597ce181b40] Skipping B slice due to open GOP
[mpeg2video @ 0x5597ce181b40] Skipping B slice due to open GOP
[mpeg2video @ 0x5597ce181b40] Skipping B slice due to open GOP
[mpeg2video @ 0x5597ce181b40] Skipping B slice due to open GOP
[mpeg2video @ 0x5597ce181b40] Skipping B slice due to open GOP
[mpeg2video @ 0x5597ce181b40] Skipping B slice due to open GOP
[mpeg2video @ 0x5597ce181b40] Skipping B slice due to open GOP
[mpeg2video @ 0x5597ce181b40] Skipping B slice due to open GOP
[mpeg2video @ 0x5597ce181b40] Skipping B slice due to open GOP
[mpeg2video @ 0x5597ce181b40] Skipping B slice due to open GOP
[mpeg2video @ 0x5597ce181b40] Skipping B slice due to open GOP
[mpeg2video @ 0x5597ce181b40] Skipping B slice due to open GOP
[mpeg2video @ 0x5597ce181b40] Skipping B slice due to open GOP
[mpeg2video @ 0x5597ce181b40] Skipping B slice due to open GOP
[mpeg2video @ 0x5597ce181b40] Skipping B slice due to open GOP
[mpeg2video @ 0x5597ce181b40] Skipping B slice due to open GOP
[mpeg2video @ 0x5597ce181b40] Skipping B slice due to open GOP
[mpeg2video @ 0x5597ce181b40] Skipping B slice due to open GOP
[mpeg2video @ 0x5597ce181b40] Skipping B slice due to open GOP
[mpeg2video @ 0x5597ce181b40] Skipping B slice due to open GOP
[mpeg2video @ 0x5597ce181b40] Skipping B slice due to open GOP
[mpeg2video @ 0x5597ce181b40] Skipping B slice due to open GOP
[mpeg2video @ 0x5597ce181b40] Skipping B slice due to open GOP
[mpeg2video @ 0x5597ce181b40] Skipping B slice due to open GOP
[mpeg2video @ 0x5597ce181b40] Skipping B slice due to open GOP
[mpeg2video @ 0x5597ce181b40] Skipping B slice due to open GOP
[mpeg2video @ 0x5597ce181b40] Skipping B slice due to open GOP
[mpeg2video @ 0x5597ce181b40] Skipping B slice due to open GOP
[mpeg2video @ 0x5597ce181b40] Skipping B slice due to open GOP
[mpeg2video @ 0x5597ce181b40] Skipping B slice due to open GOP
[mpeg2video @ 0x5597ce181b40] Skipping B slice due to open GOP
[mpeg2video @ 0x5597ce181b40] Skipping B slice due to open GOP
[mpeg2video @ 0x5597ce181b40] Skipping B slice due to open GOP
[mpeg2video @ 0x5597ce181b40] Skipping B slice due to open GOP
[mpeg2video @ 0x5597ce181b40] Skipping B slice due to open GOP
[mpeg2video @ 0x5597ce181b40] Skipping B slice due to open GOP
[mpeg2video @ 0x5597ce181b40] Skipping P slice due to !sync
[mpeg2video @ 0x5597ce181b40] Skipping P slice due to !sync
[mpeg2video @ 0x5597ce181b40] Skipping P slice due to !sync
[mpeg2video @ 0x5597ce181b40] Skipping P slice due to !sync
[mpeg2video @ 0x5597ce181b40] Skipping P slice due to !sync
[mpeg2video @ 0x5597ce181b40] Skipping P slice due to !sync
[mpeg2video @ 0x5597ce181b40] Skipping P slice due to !sync
[mpeg2video @ 0x5597ce181b40] Skipping P slice due to !sync
[mpeg2video @ 0x5597ce181b40] Skipping P slice due to !sync
[mpeg2video @ 0x5597ce181b40] Skipping P slice due to !sync
[mpeg2video @ 0x5597ce181b40] Skipping P slice due to !sync
[mpeg2video @ 0x5597ce181b40] Skipping P slice due to !sync
[mpeg2video @ 0x5597ce181b40] Skipping P slice due to !sync
[mpeg2video @ 0x5597ce181b40] Skipping P slice due to !sync
[mpeg2video @ 0x5597ce181b40] Skipping P slice due to !sync
[mpeg2video @ 0x5597ce181b40] Skipping P slice due to !sync
[mpeg2video @ 0x5597ce181b40] Skipping P slice due to !sync
[mpeg2video @ 0x5597ce181b40] Skipping P slice due to !sync
[mpeg2video @ 0x5597ce181b40] Skipping P slice due to !sync
[mpeg2video @ 0x5597ce181b40] Skipping P slice due to !sync
[mpeg2video @ 0x5597ce181b40] Skipping P slice due to !sync
[mpeg2video @ 0x5597ce181b40] Skipping P slice due to !sync
[mpeg2video @ 0x5597ce181b40] Skipping P slice due to !sync
[mpeg2video @ 0x5597ce181b40] Skipping P slice due to !sync
[mpeg2video @ 0x5597ce181b40] Skipping P slice due to !sync
[mpeg2video @ 0x5597ce181b40] Skipping P slice due to !sync
[mpeg2video @ 0x5597ce181b40] Skipping P slice due to !sync
[mpeg2video @ 0x5597ce181b40] Skipping P slice due to !sync
[mpeg2video @ 0x5597ce181b40] Skipping P slice due to !sync
[mpeg2video @ 0x5597ce181b40] Skipping P slice due to !sync
[mpeg2video @ 0x5597ce181b40] Skipping B slice due to open GOP
[mpeg2video @ 0x5597ce181b40] Skipping B slice due to open GOP
[mpeg2video @ 0x5597ce181b40] Skipping B slice due to open GOP
[mpeg2video @ 0x5597ce181b40] Skipping B slice due to open GOP
[mpeg2video @ 0x5597ce181b40] Skipping B slice due to open GOP
[mpeg2video @ 0x5597ce181b40] Skipping B slice due to open GOP
[mpeg2video @ 0x5597ce181b40] Skipping B slice due to open GOP
[mpeg2video @ 0x5597ce181b40] Skipping B slice due to open GOP
[mpeg2video @ 0x5597ce181b40] Skipping B slice due to open GOP
[mpeg2video @ 0x5597ce181b40] Skipping B slice due to open GOP
[mpeg2video @ 0x5597ce181b40] Skipping B slice due to open GOP
[mpeg2video @ 0x5597ce181b40] Skipping B slice due to open GOP
[mpeg2video @ 0x5597ce181b40] Skipping B slice due to open GOP
[mpeg2video @ 0x5597ce181b40] Skipping B slice due to open GOP
[mpeg2video @ 0x5597ce181b40] Skipping B slice due to open GOP
[mpeg2video @ 0x5597ce181b40] Skipping B slice due to open GOP
[mpeg2video @ 0x5597ce181b40] Skipping B slice due to open GOP
[mpeg2video @ 0x5597ce181b40] Skipping B slice due to open GOP
[mpeg2video @ 0x5597ce181b40] Skipping B slice due to open GOP
[mpeg2video @ 0x5597ce181b40] Skipping B slice due to open GOP
[mpeg2video @ 0x5597ce181b40] Skipping B slice due to open GOP
[mpeg2video @ 0x5597ce181b40] Skipping B slice due to open GOP
[mpeg2video @ 0x5597ce181b40] Skipping B slice due to open GOP
[mpeg2video @ 0x5597ce181b40] Skipping B slice due to open GOP
[mpeg2video @ 0x5597ce181b40] Skipping B slice due to open GOP
[mpeg2video @ 0x5597ce181b40] Skipping B slice due to open GOP
[mpeg2video @ 0x5597ce181b40] Skipping B slice due to open GOP
[mpeg2video @ 0x5597ce181b40] Skipping B slice due to open GOP
[mpeg2video @ 0x5597ce181b40] Skipping B slice due to open GOP
[mpeg2video @ 0x5597ce181b40] Skipping B slice due to open GOP
[mpeg2video @ 0x5597ce181b40] Skipping B slice due to open GOP
[mpeg2video @ 0x5597ce181b40] Skipping B slice due to open GOP
[mpeg2video @ 0x5597ce181b40] Skipping B slice due to open GOP
[mpeg2video @ 0x5597ce181b40] Skipping B slice due to open GOP
[mpeg2video @ 0x5597ce181b40] Skipping B slice due to open GOP
[mpeg2video @ 0x5597ce181b40] Skipping B slice due to open GOP
[mpeg2video @ 0x5597ce181b40] Skipping B slice due to open GOP
[mpeg2video @ 0x5597ce181b40] Skipping B slice due to open GOP
[mpeg2video @ 0x5597ce181b40] Skipping B slice due to open GOP
[mpeg2video @ 0x5597ce181b40] Skipping B slice due to open GOP
[mpeg2video @ 0x5597ce181b40] Skipping B slice due to open GOP
[mpeg2video @ 0x5597ce181b40] Skipping B slice due to open GOP
[mpeg2video @ 0x5597ce181b40] Skipping B slice due to open GOP
[mpeg2video @ 0x5597ce181b40] Skipping B slice due to open GOP
[mpeg2video @ 0x5597ce181b40] Skipping B slice due to open GOP
[mpeg2video @ 0x5597ce181b40] Skipping B slice due to open GOP
[mpeg2video @ 0x5597ce181b40] Skipping B slice due to open GOP
[mpeg2video @ 0x5597ce181b40] Skipping B slice due to open GOP
[mpeg2video @ 0x5597ce181b40] Skipping B slice due to open GOP
[mpeg2video @ 0x5597ce181b40] Skipping B slice due to open GOP
[mpeg2video @ 0x5597ce181b40] Skipping B slice due to open GOP
[mpeg2video @ 0x5597ce181b40] Skipping B slice due to open GOP
[mpeg2video @ 0x5597ce181b40] Skipping B slice due to open GOP
[mpeg2video @ 0x5597ce181b40] Skipping B slice due to open GOP
[mpeg2video @ 0x5597ce181b40] Skipping B slice due to open GOP
[mpeg2video @ 0x5597ce181b40] Skipping B slice due to open GOP
[mpeg2video @ 0x5597ce181b40] Skipping B slice due to open GOP
[mpeg2video @ 0x5597ce181b40] Skipping B slice due to open GOP
[mpeg2video @ 0x5597ce181b40] Skipping B slice due to open GOP
[mpeg2video @ 0x5597ce181b40] Skipping B slice due to open GOP
[mpeg2video @ 0x5597ce181b40] Skipping P slice due to !sync
[mpeg2video @ 0x5597ce181b40] Skipping P slice due to !sync
[mpeg2video @ 0x5597ce181b40] Skipping P slice due to !sync
[mpeg2video @ 0x5597ce181b40] Skipping P slice due to !sync
[mpeg2video @ 0x5597ce181b40] Skipping P slice due to !sync
[mpeg2video @ 0x5597ce181b40] Skipping P slice due to !sync
[mpeg2video @ 0x5597ce181b40] Skipping P slice due to !sync
[mpeg2video @ 0x5597ce181b40] Skipping P slice due to !sync
[mpeg2video @ 0x5597ce181b40] Skipping P slice due to !sync
[mpeg2video @ 0x5597ce181b40] Skipping P slice due to !sync
[mpeg2video @ 0x5597ce181b40] Skipping P slice due to !sync
[mpeg2video @ 0x5597ce181b40] Skipping P slice due to !sync
[mpeg2video @ 0x5597ce181b40] Skipping P slice due to !sync
[mpeg2video @ 0x5597ce181b40] Skipping P slice due to !sync
[mpeg2video @ 0x5597ce181b40] Skipping P slice due to !sync
[mpeg2video @ 0x5597ce181b40] Skipping P slice due to !sync
[mpeg2video @ 0x5597ce181b40] Skipping P slice due to !sync
[mpeg2video @ 0x5597ce181b40] Skipping P slice due to !sync
[mpeg2video @ 0x5597ce181b40] Skipping P slice due to !sync
[mpeg2video @ 0x5597ce181b40] Skipping P slice due to !sync
[mpeg2video @ 0x5597ce181b40] Skipping P slice due to !sync
[mpeg2video @ 0x5597ce181b40] Skipping P slice due to !sync
[mpeg2video @ 0x5597ce181b40] Skipping P slice due to !sync
[mpeg2video @ 0x5597ce181b40] Skipping P slice due to !sync
[mpeg2video @ 0x5597ce181b40] Skipping P slice due to !sync
[mpeg2video @ 0x5597ce181b40] Skipping P slice due to !sync
[mpeg2video @ 0x5597ce181b40] Skipping P slice due to !sync
[mpeg2video @ 0x5597ce181b40] Skipping P slice due to !sync
[mpeg2video @ 0x5597ce181b40] Skipping P slice due to !sync
[mpeg2video @ 0x5597ce181b40] Skipping P slice due to !sync
[mpeg2video @ 0x5597ce181b40] Skipping B slice due to open GOP
[mpeg2video @ 0x5597ce181b40] Skipping B slice due to open GOP
[mpeg2video @ 0x5597ce181b40] Skipping B slice due to open GOP
[mpeg2video @ 0x5597ce181b40] Skipping B slice due to open GOP
[mpeg2video @ 0x5597ce181b40] Skipping B slice due to open GOP
[mpeg2video @ 0x5597ce181b40] Skipping B slice due to open GOP
[mpeg2video @ 0x5597ce181b40] Skipping B slice due to open GOP
[mpeg2video @ 0x5597ce181b40] Skipping B slice due to open GOP
[mpeg2video @ 0x5597ce181b40] Skipping B slice due to open GOP
[mpeg2video @ 0x5597ce181b40] Skipping B slice due to open GOP
[mpeg2video @ 0x5597ce181b40] Skipping B slice due to open GOP
[mpeg2video @ 0x5597ce181b40] Skipping B slice due to open GOP
[mpeg2video @ 0x5597ce181b40] Skipping B slice due to open GOP
[mpeg2video @ 0x5597ce181b40] Skipping B slice due to open GOP
[mpeg2video @ 0x5597ce181b40] Skipping B slice due to open GOP
[mpeg2video @ 0x5597ce181b40] Skipping B slice due to open GOP
[mpeg2video @ 0x5597ce181b40] Skipping B slice due to open GOP
[mpeg2video @ 0x5597ce181b40] Skipping B slice due to open GOP
[mpeg2video @ 0x5597ce181b40] Skipping B slice due to open GOP
[mpeg2video @ 0x5597ce181b40] Skipping B slice due to open GOP
[mpeg2video @ 0x5597ce181b40] Skipping B slice due to open GOP
[mpeg2video @ 0x5597ce181b40] Skipping B slice due to open GOP
[mpeg2video @ 0x5597ce181b40] Skipping B slice due to open GOP
[mpeg2video @ 0x5597ce181b40] Skipping B slice due to open GOP
[mpeg2video @ 0x5597ce181b40] Skipping B slice due to open GOP
[mpeg2video @ 0x5597ce181b40] Skipping B slice due to open GOP
[mpeg2video @ 0x5597ce181b40] Skipping B slice due to open GOP
[mpeg2video @ 0x5597ce181b40] Skipping B slice due to open GOP
[mpeg2video @ 0x5597ce181b40] Skipping B slice due to open GOP
[mpeg2video @ 0x5597ce181b40] Skipping B slice due to open GOP
[mpeg2video @ 0x5597ce181b40] Skipping B slice due to open GOP
[mpeg2video @ 0x5597ce181b40] Skipping B slice due to open GOP
[mpeg2video @ 0x5597ce181b40] Skipping B slice due to open GOP
[mpeg2video @ 0x5597ce181b40] Skipping B slice due to open GOP
[mpeg2video @ 0x5597ce181b40] Skipping B slice due to open GOP
[mpeg2video @ 0x5597ce181b40] Skipping B slice due to open GOP
[mpeg2video @ 0x5597ce181b40] Skipping B slice due to open GOP
[mpeg2video @ 0x5597ce181b40] Skipping B slice due to open GOP
[mpeg2video @ 0x5597ce181b40] Skipping B slice due to open GOP
[mpeg2video @ 0x5597ce181b40] Skipping B slice due to open GOP
[mpeg2video @ 0x5597ce181b40] Skipping B slice due to open GOP
[mpeg2video @ 0x5597ce181b40] Skipping B slice due to open GOP
[mpeg2video @ 0x5597ce181b40] Skipping B slice due to open GOP
[mpeg2video @ 0x5597ce181b40] Skipping B slice due to open GOP
[mpeg2video @ 0x5597ce181b40] Skipping B slice due to open GOP
[mpeg2video @ 0x5597ce181b40] Skipping B slice due to open GOP
[mpeg2video @ 0x5597ce181b40] Skipping B slice due to open GOP
[mpeg2video @ 0x5597ce181b40] Skipping B slice due to open GOP
[mpeg2video @ 0x5597ce181b40] Skipping B slice due to open GOP
[mpeg2video @ 0x5597ce181b40] Skipping B slice due to open GOP
[mpeg2video @ 0x5597ce181b40] Skipping B slice due to open GOP
[mpeg2video @ 0x5597ce181b40] Skipping B slice due to open GOP
[mpeg2video @ 0x5597ce181b40] Skipping B slice due to open GOP
[mpeg2video @ 0x5597ce181b40] Skipping B slice due to open GOP
[mpeg2video @ 0x5597ce181b40] Skipping B slice due to open GOP
[mpeg2video @ 0x5597ce181b40] Skipping B slice due to open GOP
[mpeg2video @ 0x5597ce181b40] Skipping B slice due to open GOP
[mpeg2video @ 0x5597ce181b40] Skipping B slice due to open GOP
[mpeg2video @ 0x5597ce181b40] Skipping B slice due to open GOP
[mpeg2video @ 0x5597ce181b40] Skipping B slice due to open GOP
[mpeg2video @ 0x5597ce181b40] Skipping P slice due to !sync
[mpeg2video @ 0x5597ce181b40] Skipping P slice due to !sync
[mpeg2video @ 0x5597ce181b40] Skipping P slice due to !sync
[mpeg2video @ 0x5597ce181b40] Skipping P slice due to !sync
[mpeg2video @ 0x5597ce181b40] Skipping P slice due to !sync
[mpeg2video @ 0x5597ce181b40] Skipping P slice due to !sync
[mpeg2video @ 0x5597ce181b40] Skipping P slice due to !sync
[mpeg2video @ 0x5597ce181b40] Skipping P slice due to !sync
[mpeg2video @ 0x5597ce181b40] Skipping P slice due to !sync
[mpeg2video @ 0x5597ce181b40] Skipping P slice due to !sync
[mpeg2video @ 0x5597ce181b40] Skipping P slice due to !sync
[mpeg2video @ 0x5597ce181b40] Skipping P slice due to !sync
[mpeg2video @ 0x5597ce181b40] Skipping P slice due to !sync
[mpeg2video @ 0x5597ce181b40] Skipping P slice due to !sync
[mpeg2video @ 0x5597ce181b40] Skipping P slice due to !sync
[mpeg2video @ 0x5597ce181b40] Skipping P slice due to !sync
[mpeg2video @ 0x5597ce181b40] Skipping P slice due to !sync
[mpeg2video @ 0x5597ce181b40] Skipping P slice due to !sync
[mpeg2video @ 0x5597ce181b40] Skipping P slice due to !sync
[mpeg2video @ 0x5597ce181b40] Skipping P slice due to !sync
[mpeg2video @ 0x5597ce181b40] Skipping P slice due to !sync
[mpeg2video @ 0x5597ce181b40] Skipping P slice due to !sync
[mpeg2video @ 0x5597ce181b40] Skipping P slice due to !sync
[mpeg2video @ 0x5597ce181b40] Skipping P slice due to !sync
[mpeg2video @ 0x5597ce181b40] Skipping P slice due to !sync
[mpeg2video @ 0x5597ce181b40] Skipping P slice due to !sync
[mpeg2video @ 0x5597ce181b40] Skipping P slice due to !sync
[mpeg2video @ 0x5597ce181b40] Skipping P slice due to !sync
[mpeg2video @ 0x5597ce181b40] Skipping P slice due to !sync
[mpeg2video @ 0x5597ce181b40] Skipping P slice due to !sync
[mpeg2video @ 0x5597ce181b40] Skipping B slice due to open GOP
[mpeg2video @ 0x5597ce181b40] Skipping B slice due to open GOP
[mpeg2video @ 0x5597ce181b40] Skipping B slice due to open GOP
[mpeg2video @ 0x5597ce181b40] Skipping B slice due to open GOP
[mpeg2video @ 0x5597ce181b40] Skipping B slice due to open GOP
[mpeg2video @ 0x5597ce181b40] Skipping B slice due to open GOP
[mpeg2video @ 0x5597ce181b40] Skipping B slice due to open GOP
[mpeg2video @ 0x5597ce181b40] Skipping B slice due to open GOP
[mpeg2video @ 0x5597ce181b40] Skipping B slice due to open GOP
[mpeg2video @ 0x5597ce181b40] Skipping B slice due to open GOP
[mpeg2video @ 0x5597ce181b40] Skipping B slice due to open GOP
[mpeg2video @ 0x5597ce181b40] Skipping B slice due to open GOP
[mpeg2video @ 0x5597ce181b40] Skipping B slice due to open GOP
[mpeg2video @ 0x5597ce181b40] Skipping B slice due to open GOP
[mpeg2video @ 0x5597ce181b40] Skipping B slice due to open GOP
[mpeg2video @ 0x5597ce181b40] Skipping B slice due to open GOP
[mpeg2video @ 0x5597ce181b40] Skipping B slice due to open GOP
[mpeg2video @ 0x5597ce181b40] Skipping B slice due to open GOP
[mpeg2video @ 0x5597ce181b40] Skipping B slice due to open GOP
[mpeg2video @ 0x5597ce181b40] Skipping B slice due to open GOP
[mpeg2video @ 0x5597ce181b40] Skipping B slice due to open GOP
[mpeg2video @ 0x5597ce181b40] Skipping B slice due to open GOP
[mpeg2video @ 0x5597ce181b40] Skipping B slice due to open GOP
[mpeg2video @ 0x5597ce181b40] Skipping B slice due to open GOP
[mpeg2video @ 0x5597ce181b40] Skipping B slice due to open GOP
[mpeg2video @ 0x5597ce181b40] Skipping B slice due to open GOP
[mpeg2video @ 0x5597ce181b40] Skipping B slice due to open GOP
[mpeg2video @ 0x5597ce181b40] Skipping B slice due to open GOP
[mpeg2video @ 0x5597ce181b40] Skipping B slice due to open GOP
[mpeg2video @ 0x5597ce181b40] Skipping B slice due to open GOP
[mpeg2video @ 0x5597ce181b40] Skipping B slice due to open GOP
[mpeg2video @ 0x5597ce181b40] Skipping B slice due to open GOP
[mpeg2video @ 0x5597ce181b40] Skipping B slice due to open GOP
[mpeg2video @ 0x5597ce181b40] Skipping B slice due to open GOP
[mpeg2video @ 0x5597ce181b40] Skipping B slice due to open GOP
[mpeg2video @ 0x5597ce181b40] Skipping B slice due to open GOP
[mpeg2video @ 0x5597ce181b40] Skipping B slice due to open GOP
[mpeg2video @ 0x5597ce181b40] Skipping B slice due to open GOP
[mpeg2video @ 0x5597ce181b40] Skipping B slice due to open GOP
[mpeg2video @ 0x5597ce181b40] Skipping B slice due to open GOP
[mpeg2video @ 0x5597ce181b40] Skipping B slice due to open GOP
[mpeg2video @ 0x5597ce181b40] Skipping B slice due to open GOP
[mpeg2video @ 0x5597ce181b40] Skipping B slice due to open GOP
[mpeg2video @ 0x5597ce181b40] Skipping B slice due to open GOP
[mpeg2video @ 0x5597ce181b40] Skipping B slice due to open GOP
[mpeg2video @ 0x5597ce181b40] Skipping B slice due to open GOP
[mpeg2video @ 0x5597ce181b40] Skipping B slice due to open GOP
[mpeg2video @ 0x5597ce181b40] Skipping B slice due to open GOP
[mpeg2video @ 0x5597ce181b40] Skipping B slice due to open GOP
[mpeg2video @ 0x5597ce181b40] Skipping B slice due to open GOP
[mpeg2video @ 0x5597ce181b40] Skipping B slice due to open GOP
[mpeg2video @ 0x5597ce181b40] Skipping B slice due to open GOP
[mpeg2video @ 0x5597ce181b40] Skipping B slice due to open GOP
[mpeg2video @ 0x5597ce181b40] Skipping B slice due to open GOP
[mpeg2video @ 0x5597ce181b40] Skipping B slice due to open GOP
[mpeg2video @ 0x5597ce181b40] Skipping B slice due to open GOP
[mpeg2video @ 0x5597ce181b40] Skipping B slice due to open GOP
[mpeg2video @ 0x5597ce181b40] Skipping B slice due to open GOP
[mpeg2video @ 0x5597ce181b40] Skipping B slice due to open GOP
[mpeg2video @ 0x5597ce181b40] Skipping B slice due to open GOP
[mpeg2video @ 0x5597ce181b40] Skipping P slice due to !sync
[mpeg2video @ 0x5597ce181b40] Skipping P slice due to !sync
[mpeg2video @ 0x5597ce181b40] Skipping P slice due to !sync
[mpeg2video @ 0x5597ce181b40] Skipping P slice due to !sync
[mpeg2video @ 0x5597ce181b40] Skipping P slice due to !sync
[mpeg2video @ 0x5597ce181b40] Skipping P slice due to !sync
[mpeg2video @ 0x5597ce181b40] Skipping P slice due to !sync
[mpeg2video @ 0x5597ce181b40] Skipping P slice due to !sync
[mpeg2video @ 0x5597ce181b40] Skipping P slice due to !sync
[mpeg2video @ 0x5597ce181b40] Skipping P slice due to !sync
[mpeg2video @ 0x5597ce181b40] Skipping P slice due to !sync
[mpeg2video @ 0x5597ce181b40] Skipping P slice due to !sync
[mpeg2video @ 0x5597ce181b40] Skipping P slice due to !sync
[mpeg2video @ 0x5597ce181b40] Skipping P slice due to !sync
[mpeg2video @ 0x5597ce181b40] Skipping P slice due to !sync
[mpeg2video @ 0x5597ce181b40] Skipping P slice due to !sync
[mpeg2video @ 0x5597ce181b40] Skipping P slice due to !sync
[mpeg2video @ 0x5597ce181b40] Skipping P slice due to !sync
[mpeg2video @ 0x5597ce181b40] Skipping P slice due to !sync
[mpeg2video @ 0x5597ce181b40] Skipping P slice due to !sync
[mpeg2video @ 0x5597ce181b40] Skipping P slice due to !sync
[mpeg2video @ 0x5597ce181b40] Skipping P slice due to !sync
[mpeg2video @ 0x5597ce181b40] Skipping P slice due to !sync
[mpeg2video @ 0x5597ce181b40] Skipping P slice due to !sync
[mpeg2video @ 0x5597ce181b40] Skipping P slice due to !sync
[mpeg2video @ 0x5597ce181b40] Skipping P slice due to !sync
[mpeg2video @ 0x5597ce181b40] Skipping P slice due to !sync
[mpeg2video @ 0x5597ce181b40] Skipping P slice due to !sync
[mpeg2video @ 0x5597ce181b40] Skipping P slice due to !sync
[mpeg2video @ 0x5597ce181b40] Skipping P slice due to !sync
[mpeg2video @ 0x5597ce181b40] Skipping B slice due to open GOP
[mpeg2video @ 0x5597ce181b40] Skipping B slice due to open GOP
[mpeg2video @ 0x5597ce181b40] Skipping B slice due to open GOP
[mpeg2video @ 0x5597ce181b40] Skipping B slice due to open GOP
[mpeg2video @ 0x5597ce181b40] Skipping B slice due to open GOP
[mpeg2video @ 0x5597ce181b40] Skipping B slice due to open GOP
[mpeg2video @ 0x5597ce181b40] Skipping B slice due to open GOP
[mpeg2video @ 0x5597ce181b40] Skipping B slice due to open GOP
[mpeg2video @ 0x5597ce181b40] Skipping B slice due to open GOP
[mpeg2video @ 0x5597ce181b40] Skipping B slice due to open GOP
[mpeg2video @ 0x5597ce181b40] Skipping B slice due to open GOP
[mpeg2video @ 0x5597ce181b40] Skipping B slice due to open GOP
[mpeg2video @ 0x5597ce181b40] Skipping B slice due to open GOP
[mpeg2video @ 0x5597ce181b40] Skipping B slice due to open GOP
[mpeg2video @ 0x5597ce181b40] Skipping B slice due to open GOP
[mpeg2video @ 0x5597ce181b40] Skipping B slice due to open GOP
[mpeg2video @ 0x5597ce181b40] Skipping B slice due to open GOP
[mpeg2video @ 0x5597ce181b40] Skipping B slice due to open GOP
[mpeg2video @ 0x5597ce181b40] Skipping B slice due to open GOP
[mpeg2video @ 0x5597ce181b40] Skipping B slice due to open GOP
[mpeg2video @ 0x5597ce181b40] Skipping B slice due to open GOP
[mpeg2video @ 0x5597ce181b40] Skipping B slice due to open GOP
[mpeg2video @ 0x5597ce181b40] Skipping B slice due to open GOP
[mpeg2video @ 0x5597ce181b40] Skipping B slice due to open GOP
[mpeg2video @ 0x5597ce181b40] Skipping B slice due to open GOP
[mpeg2video @ 0x5597ce181b40] Skipping B slice due to open GOP
[mpeg2video @ 0x5597ce181b40] Skipping B slice due to open GOP
[mpeg2video @ 0x5597ce181b40] Skipping B slice due to open GOP
[mpeg2video @ 0x5597ce181b40] Skipping B slice due to open GOP
[mpeg2video @ 0x5597ce181b40] Skipping B slice due to open GOP
[mpeg2video @ 0x5597ce181b40] Skipping B slice due to open GOP
[mpeg2video @ 0x5597ce181b40] Skipping B slice due to open GOP
[mpeg2video @ 0x5597ce181b40] Skipping B slice due to open GOP
[mpeg2video @ 0x5597ce181b40] Skipping B slice due to open GOP
[mpeg2video @ 0x5597ce181b40] Skipping B slice due to open GOP
[mpeg2video @ 0x5597ce181b40] Skipping B slice due to open GOP
[mpeg2video @ 0x5597ce181b40] Skipping B slice due to open GOP
[mpeg2video @ 0x5597ce181b40] Skipping B slice due to open GOP
[mpeg2video @ 0x5597ce181b40] Skipping B slice due to open GOP
[mpeg2video @ 0x5597ce181b40] Skipping B slice due to open GOP
[mpeg2video @ 0x5597ce181b40] Skipping B slice due to open GOP
[mpeg2video @ 0x5597ce181b40] Skipping B slice due to open GOP
[mpeg2video @ 0x5597ce181b40] Skipping B slice due to open GOP
[mpeg2video @ 0x5597ce181b40] Skipping B slice due to open GOP
[mpeg2video @ 0x5597ce181b40] Skipping B slice due to open GOP
[mpeg2video @ 0x5597ce181b40] Skipping B slice due to open GOP
[mpeg2video @ 0x5597ce181b40] Skipping B slice due to open GOP
[mpeg2video @ 0x5597ce181b40] Skipping B slice due to open GOP
[mpeg2video @ 0x5597ce181b40] Skipping B slice due to open GOP
[mpeg2video @ 0x5597ce181b40] Skipping B slice due to open GOP
[mpeg2video @ 0x5597ce181b40] Skipping B slice due to open GOP
[mpeg2video @ 0x5597ce181b40] Skipping B slice due to open GOP
[mpeg2video @ 0x5597ce181b40] Skipping B slice due to open GOP
[mpeg2video @ 0x5597ce181b40] Skipping B slice due to open GOP
[mpeg2video @ 0x5597ce181b40] Skipping B slice due to open GOP
[mpeg2video @ 0x5597ce181b40] Skipping B slice due to open GOP
[mpeg2video @ 0x5597ce181b40] Skipping B slice due to open GOP
[mpeg2video @ 0x5597ce181b40] Skipping B slice due to open GOP
[mpeg2video @ 0x5597ce181b40] Skipping B slice due to open GOP
[mpeg2video @ 0x5597ce181b40] Skipping B slice due to open GOP
[mpeg2video @ 0x5597ce181b40] Skipping B slice due to open GOP
[mpeg2video @ 0x5597ce181b40] Skipping B slice due to open GOP
[mpeg2video @ 0x5597ce181b40] Skipping B slice due to open GOP
[mpeg2video @ 0x5597ce181b40] Skipping B slice due to open GOP
[mpeg2video @ 0x5597ce181b40] Skipping B slice due to open GOP
[mpeg2video @ 0x5597ce181b40] Skipping B slice due to open GOP
[mpeg2video @ 0x5597ce181b40] Skipping B slice due to open GOP
[mpeg2video @ 0x5597ce181b40] Skipping B slice due to open GOP
[mpeg2video @ 0x5597ce181b40] Skipping B slice due to open GOP
[mpeg2video @ 0x5597ce181b40] Skipping B slice due to open GOP
[mpeg2video @ 0x5597ce181b40] Skipping B slice due to open GOP
[mpeg2video @ 0x5597ce181b40] Skipping B slice due to open GOP
[mpeg2video @ 0x5597ce181b40] Skipping B slice due to open GOP
[mpeg2video @ 0x5597ce181b40] Skipping B slice due to open GOP
[mpeg2video @ 0x5597ce181b40] Skipping B slice due to open GOP
[mpeg2video @ 0x5597ce181b40] Skipping B slice due to open GOP
[mpeg2video @ 0x5597ce181b40] Skipping B slice due to open GOP
[mpeg2video @ 0x5597ce181b40] Skipping B slice due to open GOP
[mpeg2video @ 0x5597ce181b40] Skipping B slice due to open GOP
[mpeg2video @ 0x5597ce181b40] Skipping B slice due to open GOP
[mpeg2video @ 0x5597ce181b40] Skipping B slice due to open GOP
[mpeg2video @ 0x5597ce181b40] Skipping B slice due to open GOP
[mpeg2video @ 0x5597ce181b40] Skipping B slice due to open GOP
[mpeg2video @ 0x5597ce181b40] Skipping B slice due to open GOP
[mpeg2video @ 0x5597ce181b40] Skipping B slice due to open GOP
[mpeg2video @ 0x5597ce181b40] Skipping B slice due to open GOP
[mpeg2video @ 0x5597ce181b40] Skipping B slice due to open GOP
[mpeg2video @ 0x5597ce181b40] Skipping B slice due to open GOP
[mpeg2video @ 0x5597ce181b40] Skipping B slice due to open GOP
[mpeg2video @ 0x5597ce181b40] Skipping B slice due to open GOP
[mpeg2video @ 0x5597ce181b40] Skipping B slice due to open GOP
[mpeg2video @ 0x5597ce181b40] Skipping B slice due to open GOP
[mpeg2video @ 0x5597ce181b40] Skipping B slice due to open GOP
[mpeg2video @ 0x5597ce181b40] Skipping B slice due to open GOP
[mpeg2video @ 0x5597ce181b40] Skipping B slice due to open GOP
[mpeg2video @ 0x5597ce181b40] Skipping B slice due to open GOP
[mpeg2video @ 0x5597ce181b40] Skipping B slice due to open GOP
[mpeg2video @ 0x5597ce181b40] Skipping B slice due to open GOP
[mpeg2video @ 0x5597ce181b40] Skipping B slice due to open GOP
[mpeg2video @ 0x5597ce181b40] Skipping B slice due to open GOP
[mpeg2video @ 0x5597ce181b40] Skipping B slice due to open GOP
[mpeg2video @ 0x5597ce181b40] Skipping B slice due to open GOP
[mpeg2video @ 0x5597ce181b40] Skipping B slice due to open GOP
[mpeg2video @ 0x5597ce181b40] Skipping B slice due to open GOP
[mpeg2video @ 0x5597ce181b40] Skipping B slice due to open GOP
[mpeg2video @ 0x5597ce181b40] Skipping B slice due to open GOP
[mpeg2video @ 0x5597ce181b40] Skipping B slice due to open GOP
[mpeg2video @ 0x5597ce181b40] Skipping B slice due to open GOP
[mpeg2video @ 0x5597ce181b40] Skipping B slice due to open GOP
[mpeg2video @ 0x5597ce181b40] Skipping B slice due to open GOP
[mpeg2video @ 0x5597ce181b40] Skipping B slice due to open GOP
[mpeg2video @ 0x5597ce181b40] Skipping B slice due to open GOP
[mpeg2video @ 0x5597ce181b40] Skipping B slice due to open GOP
[mpeg2video @ 0x5597ce181b40] Skipping B slice due to open GOP
[mpeg2video @ 0x5597ce181b40] Skipping B slice due to open GOP
[mpeg2video @ 0x5597ce181b40] Skipping B slice due to open GOP
[mpeg2video @ 0x5597ce181b40] Skipping B slice due to open GOP
[mpeg2video @ 0x5597ce181b40] Skipping B slice due to open GOP
[mpeg2video @ 0x5597ce181b40] Skipping B slice due to open GOP
[mpeg2video @ 0x5597ce181b40] Skipping B slice due to open GOP
[graph 0 input from stream 0:0 @ 0x5597ce1a8a00] Setting 'video_size' to value '544x480'
[graph 0 input from stream 0:0 @ 0x5597ce1a8a00] Setting 'pix_fmt' to value '0'
[graph 0 input from stream 0:0 @ 0x5597ce1a8a00] Setting 'time_base' to value '1/90000'
[graph 0 input from stream 0:0 @ 0x5597ce1a8a00] Setting 'pixel_aspect' to value '20/17'
[graph 0 input from stream 0:0 @ 0x5597ce1a8a00] Setting 'frame_rate' to value '30000/1001'
[graph 0 input from stream 0:0 @ 0x5597ce1a8a00] w:544 h:480 pixfmt:yuv420p tb:1/90000 fr:30000/1001 sar:20/17
[AVFilterGraph @ 0x5597ce184940] query_formats: 4 queried, 3 merged, 0 already done, 0 delayed
Output #0, null, to 'pipe:':
  Metadata:
    encoder         : Lavf60.16.100
  Stream #0:0, 0, 1001/30000: Video: wrapped_avframe, yuv420p(tv, progressive), 544x480 [SAR 20:17 DAR 4:3], q=2-31, 200 kb/s, 29.97 fps, 29.97 tbn
    Metadata:
      variant_bitrate : 2301000
      encoder         : Lavc60.31.102 wrapped_avframe
  Stream #0:1(esl), 0, 1/48000: Audio: pcm_s16le, 48000 Hz, stereo, s16, 1536 kb/s
    Metadata:
      variant_bitrate : 2301000
      encoder         : Lavc60.31.102 pcm_s16le
frame=    0 fps=0.0 q=-0.0 size=N/A time=00:00:01.50 bitrate=N/A speed= 190x    [out_0_1 @ 0x5597ce120340] EOF on sink link out_0_1:default.
No more output streams to write to, finishing.
[vist#0:0/mpeg2video @ 0x5597ce16dec0] Decoder thread received EOF packet
[vist#0:0/mpeg2video @ 0x5597ce16dec0] Decoder returned EOF, finishing
[vist#0:0/mpeg2video @ 0x5597ce16dec0] Terminating decoder thread
[aist#0:1/mp2 @ 0x5597ce16ee40] Decoder thread received EOF packet
[aist#0:1/mp2 @ 0x5597ce16ee40] Decoder returned EOF, finishing
[aist#0:1/mp2 @ 0x5597ce16ee40] Terminating decoder thread
[out#0/null @ 0x5597ce11cbc0] All streams finished
[out#0/null @ 0x5597ce11cbc0] Terminating muxer thread
[out#0/null @ 0x5597ce11cbc0] Output file #0 (pipe:):
[out#0/null @ 0x5597ce11cbc0]   Output stream #0:0 (video): 141 frames encoded; 141 packets muxed (67680 bytes); 
[out#0/null @ 0x5597ce11cbc0]   Output stream #0:1 (audio): 292 frames encoded (336000 samples); 292 packets muxed (1344000 bytes); 
[out#0/null @ 0x5597ce11cbc0]   Total: 433 packets (1411680 bytes) muxed
[out#0/null @ 0x5597ce11cbc0] video:66kB audio:1312kB subtitle:0kB other streams:0kB global headers:0kB muxing overhead: unknown
frame=  141 fps=0.0 q=-0.0 Lsize=N/A time=00:00:06.98 bitrate=N/A speed=  21x    
[in#0/hls @ 0x5597ce10ed80] Terminating demuxer thread
[in#0/hls @ 0x5597ce10ed80] Input file #0 (http://45.189.62.33:8002/play/a0fm/index.m3u8):
[in#0/hls @ 0x5597ce10ed80]   Input stream #0:0 (video): 182 packets read (1373607 bytes); 158 frames decoded; 0 decode errors; 
[in#0/hls @ 0x5597ce10ed80]   Input stream #0:1 (audio): 294 packets read (141120 bytes); 293 frames decoded; 0 decode errors (337536 samples); 
[in#0/hls @ 0x5597ce10ed80]   Total: 476 packets (1514727 bytes) demuxed
[AVIOContext @ 0x5597ce120dc0] Statistics: 1655052 bytes read, 0 seeks
[AVIOContext @ 0x5597ce121400] Statistics: 0 bytes read, 0 seeks
[AVIOContext @ 0x5597ce117640] Statistics: 484 bytes read, 0 seeks
[AVIOContext @ 0x5597ce122180] Statistics: 132 bytes read, 0 seeks
